2025-09-01T23:04:57.128562+00:00 ip-172-31-37-199 systemd-modules-load[144]: Inserted module 'msr'
2025-09-01T23:04:57.132912+00:00 ip-172-31-37-199 systemd-fsck[146]: cloudimg-rootfs: clean, 81959/917504 files, 520812/1834747 blocks
2025-09-01T23:04:57.132922+00:00 ip-172-31-37-199 systemd[1]: Mounted dev-hugepages.mount - Huge Pages File System.
2025-09-01T23:04:57.132925+00:00 ip-172-31-37-199 systemd[1]: Mounted dev-mqueue.mount - POSIX Message Queue File System.
2025-09-01T23:04:57.132927+00:00 ip-172-31-37-199 systemd-modules-load[144]: Inserted module 'dm_multipath'
2025-09-01T23:04:57.132930+00:00 ip-172-31-37-199 systemd[1]: Mounted sys-kernel-debug.mount - Kernel Debug File System.
2025-09-01T23:04:57.132933+00:00 ip-172-31-37-199 systemd[1]: Mounted sys-kernel-tracing.mount - Kernel Trace File System.
2025-09-01T23:04:57.132936+00:00 ip-172-31-37-199 systemd[1]: Finished keyboard-setup.service - Set the console keyboard layout.
2025-09-01T23:04:57.132940+00:00 ip-172-31-37-199 systemd[1]: Finished kmod-static-nodes.service - Create List of Static Device Nodes.
2025-09-01T23:04:57.132943+00:00 ip-172-31-37-199 systemd[1]: Finished lvm2-monitor.service - Monitoring of LVM2 mirrors, snapshots etc. using dmeventd or progress polling.
2025-09-01T23:04:57.132945+00:00 ip-172-31-37-199 systemd[1]: modprobe@configfs.service: Deactivated successfully.
2025-09-01T23:04:57.132948+00:00 ip-172-31-37-199 systemd[1]: Finished modprobe@configfs.service - Load Kernel Module configfs.
2025-09-01T23:04:57.132950+00:00 ip-172-31-37-199 systemd[1]: modprobe@dm_mod.service: Deactivated successfully.
2025-09-01T23:04:57.132953+00:00 ip-172-31-37-199 systemd[1]: Finished modprobe@dm_mod.service - Load Kernel Module dm_mod.
2025-09-01T23:04:57.132957+00:00 ip-172-31-37-199 systemd[1]: modprobe@drm.service: Deactivated successfully.
2025-09-01T23:04:57.132960+00:00 ip-172-31-37-199 systemd[1]: Finished modprobe@drm.service - Load Kernel Module drm.
2025-09-01T23:04:57.132962+00:00 ip-172-31-37-199 systemd[1]: modprobe@efi_pstore.service: Deactivated successfully.
2025-09-01T23:04:57.132965+00:00 ip-172-31-37-199 systemd[1]: Finished modprobe@efi_pstore.service - Load Kernel Module efi_pstore.
2025-09-01T23:04:57.132967+00:00 ip-172-31-37-199 systemd[1]: modprobe@fuse.service: Deactivated successfully.
2025-09-01T23:04:57.132970+00:00 ip-172-31-37-199 systemd[1]: Finished modprobe@fuse.service - Load Kernel Module fuse.
2025-09-01T23:04:57.132974+00:00 ip-172-31-37-199 systemd[1]: modprobe@loop.service: Deactivated successfully.
2025-09-01T23:04:57.132977+00:00 ip-172-31-37-199 systemd[1]: Finished modprobe@loop.service - Load Kernel Module loop.
2025-09-01T23:04:57.132979+00:00 ip-172-31-37-199 systemd[1]: Finished systemd-fsck-root.service - File System Check on Root Device.
2025-09-01T23:04:57.132982+00:00 ip-172-31-37-199 systemd-modules-load[144]: Inserted module 'nf_conntrack'
2025-09-01T23:04:57.132984+00:00 ip-172-31-37-199 systemd[1]: Finished systemd-modules-load.service - Load Kernel Modules.
2025-09-01T23:04:57.132987+00:00 ip-172-31-37-199 systemd[1]: Mounting sys-fs-fuse-connections.mount - FUSE Control File System...
2025-09-01T23:04:57.132991+00:00 ip-172-31-37-199 systemd[1]: Mounting sys-kernel-config.mount - Kernel Configuration File System...
2025-09-01T23:04:57.132993+00:00 ip-172-31-37-199 systemd[1]: Started systemd-fsckd.service - File System Check Daemon to report status.
2025-09-01T23:04:57.132996+00:00 ip-172-31-37-199 systemd[1]: Starting systemd-remount-fs.service - Remount Root and Kernel File Systems...
2025-09-01T23:04:57.132998+00:00 ip-172-31-37-199 systemd[1]: systemd-repart.service - Repartition Root Disk was skipped because no trigger condition checks were met.
2025-09-01T23:04:57.133001+00:00 ip-172-31-37-199 systemd[1]: Starting systemd-sysctl.service - Apply Kernel Variables...
2025-09-01T23:04:57.133003+00:00 ip-172-31-37-199 systemd[1]: Starting systemd-tmpfiles-setup-dev-early.service - Create Static Device Nodes in /dev gracefully...
2025-09-01T23:04:57.133007+00:00 ip-172-31-37-199 systemd[1]: Mounted sys-fs-fuse-connections.mount - FUSE Control File System.
2025-09-01T23:04:57.133010+00:00 ip-172-31-37-199 systemd[1]: Mounted sys-kernel-config.mount - Kernel Configuration File System.
2025-09-01T23:04:57.133012+00:00 ip-172-31-37-199 systemd[1]: Finished systemd-sysctl.service - Apply Kernel Variables.
2025-09-01T23:04:57.133015+00:00 ip-172-31-37-199 systemd[1]: Finished systemd-tmpfiles-setup-dev-early.service - Create Static Device Nodes in /dev gracefully.
2025-09-01T23:04:57.133017+00:00 ip-172-31-37-199 systemd[1]: Finished systemd-remount-fs.service - Remount Root and Kernel File Systems.
2025-09-01T23:04:57.133020+00:00 ip-172-31-37-199 systemd[1]: Starting multipathd.service - Device-Mapper Multipath Device Controller...
2025-09-01T23:04:57.133024+00:00 ip-172-31-37-199 systemd[1]: systemd-hwdb-update.service - Rebuild Hardware Database was skipped because no trigger condition checks were met.
2025-09-01T23:04:57.133027+00:00 ip-172-31-37-199 systemd[1]: Starting systemd-journal-flush.service - Flush Journal to Persistent Storage...
2025-09-01T23:04:57.133030+00:00 ip-172-31-37-199 systemd[1]: systemd-pstore.service - Platform Persistent Storage Archival was skipped because of an unmet condition check (ConditionDirectoryNotEmpty=/sys/fs/pstore).
2025-09-01T23:04:57.133032+00:00 ip-172-31-37-199 systemd[1]: Starting systemd-random-seed.service - Load/Save OS Random Seed...
2025-09-01T23:04:57.133035+00:00 ip-172-31-37-199 systemd[1]: Starting systemd-sysusers.service - Create System Users...
2025-09-01T23:04:57.133039+00:00 ip-172-31-37-199 systemd[1]: systemd-tpm2-setup.service - TPM2 SRK Setup was skipped because of an unmet condition check (ConditionSecurity=measured-uki).
2025-09-01T23:04:57.133041+00:00 ip-172-31-37-199 systemd[1]: Finished systemd-udev-trigger.service - Coldplug All udev Devices.
2025-09-01T23:04:57.133043+00:00 ip-172-31-37-199 systemd[1]: Finished systemd-random-seed.service - Load/Save OS Random Seed.
2025-09-01T23:04:57.133046+00:00 ip-172-31-37-199 systemd[1]: Finished systemd-journal-flush.service - Flush Journal to Persistent Storage.
2025-09-01T23:04:57.133048+00:00 ip-172-31-37-199 systemd[1]: Finished systemd-sysusers.service - Create System Users.
2025-09-01T23:04:57.133051+00:00 ip-172-31-37-199 systemd[1]: Starting systemd-tmpfiles-setup-dev.service - Create Static Device Nodes in /dev...
2025-09-01T23:04:57.133055+00:00 ip-172-31-37-199 systemd[1]: Finished systemd-tmpfiles-setup-dev.service - Create Static Device Nodes in /dev.
2025-09-01T23:04:57.133058+00:00 ip-172-31-37-199 multipathd[186]: multipathd v0.9.4: start up
2025-09-01T23:04:57.133072+00:00 ip-172-31-37-199 multipathd[186]: reconfigure: setting up paths and maps
2025-09-01T23:04:57.133076+00:00 ip-172-31-37-199 systemd[1]: Starting systemd-udevd.service - Rule-based Manager for Device Events and Files...
2025-09-01T23:04:57.133078+00:00 ip-172-31-37-199 systemd[1]: Started multipathd.service - Device-Mapper Multipath Device Controller.
2025-09-01T23:04:57.133081+00:00 ip-172-31-37-199 systemd[1]: Reached target local-fs-pre.target - Preparation for Local File Systems.
2025-09-01T23:04:57.133085+00:00 ip-172-31-37-199 systemd[1]: Mounting snap-amazon\x2dssm\x2dagent-11797.mount - Mount unit for amazon-ssm-agent, revision 11797...
2025-09-01T23:04:57.133088+00:00 ip-172-31-37-199 systemd[1]: Mounting snap-core22-2045.mount - Mount unit for core22, revision 2045...
2025-09-01T23:04:57.133090+00:00 ip-172-31-37-199 systemd[1]: Mounting snap-snapd-24792.mount - Mount unit for snapd, revision 24792...
2025-09-01T23:04:57.133093+00:00 ip-172-31-37-199 systemd[1]: Mounted snap-amazon\x2dssm\x2dagent-11797.mount - Mount unit for amazon-ssm-agent, revision 11797.
2025-09-01T23:04:57.133096+00:00 ip-172-31-37-199 systemd[1]: Mounted snap-snapd-24792.mount - Mount unit for snapd, revision 24792.
2025-09-01T23:04:57.133100+00:00 ip-172-31-37-199 systemd[1]: Mounted snap-core22-2045.mount - Mount unit for core22, revision 2045.
2025-09-01T23:04:57.133102+00:00 ip-172-31-37-199 systemd[1]: Reached target snapd.mounts.target - Mounted snaps.
2025-09-01T23:04:57.133105+00:00 ip-172-31-37-199 systemd-udevd[198]: Using default interface naming scheme 'v255'.
2025-09-01T23:04:57.133122+00:00 ip-172-31-37-199 systemd[1]: Started systemd-udevd.service - Rule-based Manager for Device Events and Files.
2025-09-01T23:04:57.133125+00:00 ip-172-31-37-199 systemd[1]: plymouth-start.service - Show Plymouth Boot Screen was skipped because of an unmet condition check (ConditionKernelCommandLine=splash).
2025-09-01T23:04:57.133128+00:00 ip-172-31-37-199 systemd[1]: Started systemd-ask-password-console.path - Dispatch Password Requests to Console Directory Watch.
2025-09-01T23:04:57.133133+00:00 ip-172-31-37-199 systemd[1]: systemd-ask-password-plymouth.path - Forward Password Requests to Plymouth Directory Watch was skipped because of an unmet condition check (ConditionPathExists=/run/plymouth/pid).
2025-09-01T23:04:57.133136+00:00 ip-172-31-37-199 systemd[1]: Reached target cryptsetup.target - Local Encrypted Volumes.
2025-09-01T23:04:57.133138+00:00 ip-172-31-37-199 systemd[1]: Found device dev-ttyS0.device - /dev/ttyS0.
2025-09-01T23:04:57.133140+00:00 ip-172-31-37-199 systemd[1]: Found device dev-disk-by\x2dlabel-UEFI.device - /dev/disk/by-label/UEFI.
2025-09-01T23:04:57.133143+00:00 ip-172-31-37-199 systemd[1]: Found device dev-disk-by\x2dlabel-BOOT.device - /dev/disk/by-label/BOOT.
2025-09-01T23:04:57.133147+00:00 ip-172-31-37-199 systemd[1]: Starting systemd-fsck@dev-disk-by\x2dlabel-BOOT.service - File System Check on /dev/disk/by-label/BOOT...
2025-09-01T23:04:57.133150+00:00 ip-172-31-37-199 systemd[1]: Starting systemd-fsck@dev-disk-by\x2dlabel-UEFI.service - File System Check on /dev/disk/by-label/UEFI...
2025-09-01T23:04:57.133152+00:00 ip-172-31-37-199 systemd-fsck[252]: BOOT: clean, 601/58496 files, 30552/233728 blocks
2025-09-01T23:04:57.133156+00:00 ip-172-31-37-199 systemd[1]: Finished systemd-fsck@dev-disk-by\x2dlabel-BOOT.service - File System Check on /dev/disk/by-label/BOOT.
2025-09-01T23:04:57.133159+00:00 ip-172-31-37-199 systemd-fsck[253]: fsck.fat 4.2 (2021-01-31)
2025-09-01T23:04:57.133161+00:00 ip-172-31-37-199 systemd-fsck[253]: /dev/xvda15: 12 files, 12499/213663 clusters
2025-09-01T23:04:57.133166+00:00 ip-172-31-37-199 systemd[1]: Finished systemd-fsck@dev-disk-by\x2dlabel-UEFI.service - File System Check on /dev/disk/by-label/UEFI.
2025-09-01T23:04:57.133169+00:00 ip-172-31-37-199 systemd[1]: Mounting boot.mount - /boot...
2025-09-01T23:04:57.133171+00:00 ip-172-31-37-199 systemd[1]: Mounted boot.mount - /boot.
2025-09-01T23:04:57.133173+00:00 ip-172-31-37-199 systemd[1]: Mounting boot-efi.mount - /boot/efi...
2025-09-01T23:04:57.133176+00:00 ip-172-31-37-199 systemd[1]: Mounted boot-efi.mount - /boot/efi.
2025-09-01T23:04:57.133178+00:00 ip-172-31-37-199 systemd[1]: Reached target local-fs.target - Local File Systems.
2025-09-01T23:04:57.133182+00:00 ip-172-31-37-199 systemd[1]: Listening on systemd-sysext.socket - System Extension Image Management (Varlink).
2025-09-01T23:04:57.133185+00:00 ip-172-31-37-199 systemd[1]: Starting apparmor.service - Load AppArmor profiles...
2025-09-01T23:04:57.133187+00:00 ip-172-31-37-199 systemd[1]: Starting console-setup.service - Set console font and keymap...
2025-09-01T23:04:57.133189+00:00 ip-172-31-37-199 systemd[1]: Starting finalrd.service - Create final runtime dir for shutdown pivot root...
2025-09-01T23:04:57.133192+00:00 ip-172-31-37-199 systemd[1]: Starting ldconfig.service - Rebuild Dynamic Linker Cache...
2025-09-01T23:04:57.133195+00:00 ip-172-31-37-199 systemd[1]: Starting plymouth-read-write.service - Tell Plymouth To Write Out Runtime Data...
2025-09-01T23:04:57.133199+00:00 ip-172-31-37-199 systemd[1]: Starting systemd-binfmt.service - Set Up Additional Binary Formats...
2025-09-01T23:04:57.133201+00:00 ip-172-31-37-199 apparmor.systemd[263]: Restarting AppArmor
2025-09-01T23:04:57.133204+00:00 ip-172-31-37-199 systemd[1]: Starting systemd-tmpfiles-setup.service - Create Volatile Files and Directories...
2025-09-01T23:04:57.133207+00:00 ip-172-31-37-199 apparmor.systemd[263]: Reloading AppArmor profiles
2025-09-01T23:04:57.133210+00:00 ip-172-31-37-199 systemd[1]: Starting ufw.service - Uncomplicated firewall...
2025-09-01T23:04:57.133212+00:00 ip-172-31-37-199 systemd[1]: Finished console-setup.service - Set console font and keymap.
2025-09-01T23:04:57.133216+00:00 ip-172-31-37-199 systemd[1]: Finished finalrd.service - Create final runtime dir for shutdown pivot root.
2025-09-01T23:04:57.133219+00:00 ip-172-31-37-199 systemd[1]: Finished ufw.service - Uncomplicated firewall.
2025-09-01T23:04:57.133221+00:00 ip-172-31-37-199 systemd[1]: Finished plymouth-read-write.service - Tell Plymouth To Write Out Runtime Data.
2025-09-01T23:04:57.133224+00:00 ip-172-31-37-199 systemd[1]: proc-sys-fs-binfmt_misc.automount: Got automount request for /proc/sys/fs/binfmt_misc, triggered by 271 (systemd-binfmt)
2025-09-01T23:04:57.133226+00:00 ip-172-31-37-199 systemd[1]: Mounting proc-sys-fs-binfmt_misc.mount - Arbitrary Executable File Formats File System...
2025-09-01T23:04:57.133230+00:00 ip-172-31-37-199 systemd[1]: Mounted proc-sys-fs-binfmt_misc.mount - Arbitrary Executable File Formats File System.
2025-09-01T23:04:57.133232+00:00 ip-172-31-37-199 systemd[1]: Finished systemd-binfmt.service - Set Up Additional Binary Formats.
2025-09-01T23:04:57.133235+00:00 ip-172-31-37-199 systemd[1]: Finished systemd-tmpfiles-setup.service - Create Volatile Files and Directories.
2025-09-01T23:04:57.133237+00:00 ip-172-31-37-199 systemd[1]: systemd-firstboot.service - First Boot Wizard was skipped because of an unmet condition check (ConditionFirstBoot=yes).
2025-09-01T23:04:57.133240+00:00 ip-172-31-37-199 systemd[1]: first-boot-complete.target - First Boot Complete was skipped because of an unmet condition check (ConditionFirstBoot=yes).
2025-09-01T23:04:57.133242+00:00 ip-172-31-37-199 systemd[1]: Starting systemd-journal-catalog-update.service - Rebuild Journal Catalog...
2025-09-01T23:04:57.133248+00:00 ip-172-31-37-199 systemd[1]: Starting systemd-machine-id-commit.service - Commit a transient machine-id on disk...
2025-09-01T23:04:57.133251+00:00 ip-172-31-37-199 systemd[1]: Starting systemd-resolved.service - Network Name Resolution...
2025-09-01T23:04:57.133253+00:00 ip-172-31-37-199 systemd[1]: Starting systemd-update-utmp.service - Record System Boot/Shutdown in UTMP...
2025-09-01T23:04:57.133256+00:00 ip-172-31-37-199 systemd[1]: Finished systemd-journal-catalog-update.service - Rebuild Journal Catalog.
2025-09-01T23:04:57.133259+00:00 ip-172-31-37-199 systemd[1]: Finished systemd-update-utmp.service - Record System Boot/Shutdown in UTMP.
2025-09-01T23:04:57.133263+00:00 ip-172-31-37-199 systemd[1]: etc-machine\x2did.mount: Deactivated successfully.
2025-09-01T23:04:57.133265+00:00 ip-172-31-37-199 systemd[1]: Finished systemd-machine-id-commit.service - Commit a transient machine-id on disk.
2025-09-01T23:04:57.133267+00:00 ip-172-31-37-199 systemd[1]: Listening on systemd-rfkill.socket - Load/Save RF Kill Switch Status /dev/rfkill Watch.
2025-09-01T23:04:57.133270+00:00 ip-172-31-37-199 systemd-resolved[309]: Positive Trust Anchors:
2025-09-01T23:04:57.133273+00:00 ip-172-31-37-199 systemd-resolved[309]: . IN DS 20326 8 2 e06d44b80b8f1d39a95c0b0d7c65d08458e880409bbc683457104237c7f8ec8d
2025-09-01T23:04:57.133275+00:00 ip-172-31-37-199 systemd-resolved[309]: Negative trust anchors: home.arpa 10.in-addr.arpa 16.172.in-addr.arpa 17.172.in-addr.arpa 18.172.in-addr.arpa 19.172.in-addr.arpa 20.172.in-addr.arpa 21.172.in-addr.arpa 22.172.in-addr.arpa 23.172.in-addr.arpa 24.172.in-addr.arpa 25.172.in-addr.arpa 26.172.in-addr.arpa 27.172.in-addr.arpa 28.172.in-addr.arpa 29.172.in-addr.arpa 30.172.in-addr.arpa 31.172.in-addr.arpa 170.0.0.192.in-addr.arpa 171.0.0.192.in-addr.arpa 168.192.in-addr.arpa d.f.ip6.arpa ipv4only.arpa corp home internal intranet lan local private test
2025-09-01T23:04:57.133280+00:00 ip-172-31-37-199 systemd-resolved[309]: Using system hostname 'ubuntu'.
2025-09-01T23:04:57.133282+00:00 ip-172-31-37-199 systemd[1]: Started systemd-resolved.service - Network Name Resolution.
2025-09-01T23:04:57.133285+00:00 ip-172-31-37-199 systemd[1]: Finished ldconfig.service - Rebuild Dynamic Linker Cache.
2025-09-01T23:04:57.133287+00:00 ip-172-31-37-199 systemd[1]: Reached target nss-lookup.target - Host and Network Name Lookups.
2025-09-01T23:04:57.133290+00:00 ip-172-31-37-199 systemd[1]: Starting systemd-update-done.service - Update is Completed...
2025-09-01T23:04:57.133336+00:00 ip-172-31-37-199 systemd[1]: Finished systemd-update-done.service - Update is Completed.
2025-09-01T23:04:57.133340+00:00 ip-172-31-37-199 systemd[1]: Finished apparmor.service - Load AppArmor profiles.
2025-09-01T23:04:57.133353+00:00 ip-172-31-37-199 systemd[1]: Starting snapd.apparmor.service - Load AppArmor profiles managed internally by snapd...
2025-09-01T23:04:57.133356+00:00 ip-172-31-37-199 systemd[1]: vgauth.service - Authentication service for virtual machines hosted on VMware was skipped because of an unmet condition check (ConditionVirtualization=vmware).
2025-09-01T23:04:57.133359+00:00 ip-172-31-37-199 systemd[1]: open-vm-tools.service - Service for virtual machines hosted on VMware was skipped because of an unmet condition check (ConditionVirtualization=vmware).
2025-09-01T23:04:57.133362+00:00 ip-172-31-37-199 systemd[1]: Starting cloud-init-local.service - Cloud-init: Local Stage (pre-network)...
2025-09-01T23:04:57.133367+00:00 ip-172-31-37-199 snapd-apparmor[420]: main.go:146: Loading profiles [/var/lib/snapd/apparmor/profiles/snap-confine.snapd.24792 /var/lib/snapd/apparmor/profiles/snap-update-ns.amazon-ssm-agent /var/lib/snapd/apparmor/profiles/snap.amazon-ssm-agent.amazon-ssm-agent /var/lib/snapd/apparmor/profiles/snap.amazon-ssm-agent.ssm-cli]
2025-09-01T23:04:57.133371+00:00 ip-172-31-37-199 systemd[1]: Finished snapd.apparmor.service - Load AppArmor profiles managed internally by snapd.
2025-09-01T23:04:57.133373+00:00 ip-172-31-37-199 cloud-init[439]: Cloud-init v. 25.1.4-0ubuntu0~24.04.1 running 'init-local' at Mon, 01 Sep 2025 23:04:50 +0000. Up 6.01 seconds.
2025-09-01T23:04:57.133377+00:00 ip-172-31-37-199 dhcpcd[442]: dhcpcd-10.0.6 starting
2025-09-01T23:04:57.133380+00:00 ip-172-31-37-199 dhcpcd[445]: DUID 00:01:00:01:30:48:e3:12:0e:41:20:50:99:69
2025-09-01T23:04:57.133384+00:00 ip-172-31-37-199 dhcpcd[445]: enX0: IAID 20:50:99:69
2025-09-01T23:04:57.133387+00:00 ip-172-31-37-199 dhcpcd[445]: enX0: soliciting a DHCP lease
2025-09-01T23:04:57.133390+00:00 ip-172-31-37-199 dhcpcd[445]: enX0: offered 172.31.37.199 from 172.31.32.1
2025-09-01T23:04:57.133392+00:00 ip-172-31-37-199 dhcpcd[445]: enX0: leased 172.31.37.199 for 3600 seconds
2025-09-01T23:04:57.133394+00:00 ip-172-31-37-199 dhcpcd[445]: enX0: adding route to 172.31.32.0/20
2025-09-01T23:04:57.133397+00:00 ip-172-31-37-199 dhcpcd[445]: enX0: adding default route via 172.31.32.1
2025-09-01T23:04:57.133399+00:00 ip-172-31-37-199 dhcpcd[445]: control command: dhcpcd --dumplease --ipv4only enX0
2025-09-01T23:04:57.133404+00:00 ip-172-31-37-199 systemd-resolved[309]: System hostname changed to 'ip-172-31-37-199'.
2025-09-01T23:04:57.133406+00:00 ip-172-31-37-199 systemd[1]: netplan-ovs-cleanup.service - OpenVSwitch configuration for cleanup was skipped because of an unmet condition check (ConditionFileIsExecutable=/usr/bin/ovs-vsctl).
2025-09-01T23:04:57.133414+00:00 ip-172-31-37-199 systemd[1]: message repeated 2 times: [ netplan-ovs-cleanup.service - OpenVSwitch configuration for cleanup was skipped because of an unmet condition check (ConditionFileIsExecutable=/usr/bin/ovs-vsctl).]
2025-09-01T23:04:57.133419+00:00 ip-172-31-37-199 systemd[1]: Reloading requested from client PID 476 ('systemctl') (unit cloud-init-local.service)...
2025-09-01T23:04:57.133424+00:00 ip-172-31-37-199 systemd[1]: Reloading...
2025-09-01T23:04:57.133427+00:00 ip-172-31-37-199 systemd[1]: Reloading finished in 205 ms.
2025-09-01T23:04:57.133429+00:00 ip-172-31-37-199 systemd[1]: Finished cloud-init-local.service - Cloud-init: Local Stage (pre-network).
2025-09-01T23:04:57.133432+00:00 ip-172-31-37-199 systemd[1]: Reached target network-pre.target - Preparation for Network.
2025-09-01T23:04:57.133435+00:00 ip-172-31-37-199 systemd[1]: Starting systemd-networkd.service - Network Configuration...
2025-09-01T23:04:57.133438+00:00 ip-172-31-37-199 systemd-networkd[511]: lo: Link UP
2025-09-01T23:04:57.133449+00:00 ip-172-31-37-199 systemd-networkd[511]: lo: Gained carrier
2025-09-01T23:04:57.133451+00:00 ip-172-31-37-199 systemd-networkd[511]: Enumeration completed
2025-09-01T23:04:57.133454+00:00 ip-172-31-37-199 systemd[1]: Started systemd-networkd.service - Network Configuration.
2025-09-01T23:04:57.133456+00:00 ip-172-31-37-199 systemd[1]: Reached target network.target - Network.
2025-09-01T23:04:57.133459+00:00 ip-172-31-37-199 systemd-networkd[511]: enX0: Link UP
2025-09-01T23:04:57.133461+00:00 ip-172-31-37-199 systemd-networkd[511]: enX0: Gained carrier
2025-09-01T23:04:57.133465+00:00 ip-172-31-37-199 systemd-networkd[511]: enX0: Link DOWN
2025-09-01T23:04:57.133467+00:00 ip-172-31-37-199 systemd-networkd[511]: enX0: Lost carrier
2025-09-01T23:04:57.133470+00:00 ip-172-31-37-199 systemd[1]: Starting systemd-networkd-wait-online.service - Wait for Network to be Configured...
2025-09-01T23:04:57.133473+00:00 ip-172-31-37-199 systemd-networkd[511]: enX0: Configuring with /run/systemd/network/10-netplan-enX0.network.
2025-09-01T23:04:57.133475+00:00 ip-172-31-37-199 systemd-networkd[511]: enX0: Link UP
2025-09-01T23:04:57.133478+00:00 ip-172-31-37-199 systemd-networkd[511]: enX0: Gained carrier
2025-09-01T23:04:57.133482+00:00 ip-172-31-37-199 systemd-networkd[511]: enX0: DHCPv4 address 172.31.37.199/20, gateway 172.31.32.1 acquired from 172.31.32.1
2025-09-01T23:04:57.133484+00:00 ip-172-31-37-199 systemd-networkd[511]: enX0: Gained IPv6LL
2025-09-01T23:04:57.133486+00:00 ip-172-31-37-199 systemd[1]: Finished systemd-networkd-wait-online.service - Wait for Network to be Configured.
2025-09-01T23:04:57.133489+00:00 ip-172-31-37-199 systemd[1]: Starting cloud-init.service - Cloud-init: Network Stage...
2025-09-01T23:04:57.133491+00:00 ip-172-31-37-199 cloud-init[522]: Cloud-init v. 25.1.4-0ubuntu0~24.04.1 running 'init' at Mon, 01 Sep 2025 23:04:53 +0000. Up 9.42 seconds.
2025-09-01T23:04:57.133494+00:00 ip-172-31-37-199 cloud-init[522]: ci-info: ++++++++++++++++++++++++++++++++++++++Net device info+++++++++++++++++++++++++++++++++++++++
2025-09-01T23:04:57.133498+00:00 ip-172-31-37-199 cloud-init[522]: ci-info: +--------+------+-----------------------------+---------------+--------+-------------------+
2025-09-01T23:04:57.133500+00:00 ip-172-31-37-199 cloud-init[522]: ci-info: | Device |  Up  |           Address           |      Mask     | Scope  |     Hw-Address    |
2025-09-01T23:04:57.133503+00:00 ip-172-31-37-199 cloud-init[522]: ci-info: +--------+------+-----------------------------+---------------+--------+-------------------+
2025-09-01T23:04:57.133505+00:00 ip-172-31-37-199 cloud-init[522]: ci-info: |  enX0  | True |        172.31.37.199        | 255.255.240.0 | global | 0e:41:20:50:99:69 |
2025-09-01T23:04:57.133508+00:00 ip-172-31-37-199 cloud-init[522]: ci-info: |  enX0  | True | fe80::c41:20ff:fe50:9969/64 |       .       |  link  | 0e:41:20:50:99:69 |
2025-09-01T23:04:57.133516+00:00 ip-172-31-37-199 cloud-init[522]: ci-info: |   lo   | True |          127.0.0.1          |   255.0.0.0   |  host  |         .         |
2025-09-01T23:04:57.133518+00:00 ip-172-31-37-199 cloud-init[522]: ci-info: |   lo   | True |           ::1/128           |       .       |  host  |         .         |
2025-09-01T23:04:57.133520+00:00 ip-172-31-37-199 cloud-init[522]: ci-info: +--------+------+-----------------------------+---------------+--------+-------------------+
2025-09-01T23:04:57.133523+00:00 ip-172-31-37-199 cloud-init[522]: ci-info: ++++++++++++++++++++++++++++++Route IPv4 info++++++++++++++++++++++++++++++
2025-09-01T23:04:57.133526+00:00 ip-172-31-37-199 cloud-init[522]: ci-info: +-------+-------------+-------------+-----------------+-----------+-------+
2025-09-01T23:04:57.133532+00:00 ip-172-31-37-199 cloud-init[522]: ci-info: | Route | Destination |   Gateway   |     Genmask     | Interface | Flags |
2025-09-01T23:04:57.133535+00:00 ip-172-31-37-199 cloud-init[522]: ci-info: +-------+-------------+-------------+-----------------+-----------+-------+
2025-09-01T23:04:57.133537+00:00 ip-172-31-37-199 cloud-init[522]: ci-info: |   0   |   0.0.0.0   | 172.31.32.1 |     0.0.0.0     |    enX0   |   UG  |
2025-09-01T23:04:57.133540+00:00 ip-172-31-37-199 cloud-init[522]: ci-info: |   1   |  172.31.0.2 | 172.31.32.1 | 255.255.255.255 |    enX0   |  UGH  |
2025-09-01T23:04:57.133542+00:00 ip-172-31-37-199 cloud-init[522]: ci-info: |   2   | 172.31.32.0 |   0.0.0.0   |  255.255.240.0  |    enX0   |   U   |
2025-09-01T23:04:57.133547+00:00 ip-172-31-37-199 cloud-init[522]: ci-info: |   3   | 172.31.32.1 |   0.0.0.0   | 255.255.255.255 |    enX0   |   UH  |
2025-09-01T23:04:57.133550+00:00 ip-172-31-37-199 cloud-init[522]: ci-info: +-------+-------------+-------------+-----------------+-----------+-------+
2025-09-01T23:04:57.133553+00:00 ip-172-31-37-199 cloud-init[522]: ci-info: +++++++++++++++++++Route IPv6 info+++++++++++++++++++
2025-09-01T23:04:57.133555+00:00 ip-172-31-37-199 cloud-init[522]: ci-info: +-------+-------------+---------+-----------+-------+
2025-09-01T23:04:57.133558+00:00 ip-172-31-37-199 cloud-init[522]: ci-info: | Route | Destination | Gateway | Interface | Flags |
2025-09-01T23:04:57.133560+00:00 ip-172-31-37-199 cloud-init[522]: ci-info: +-------+-------------+---------+-----------+-------+
2025-09-01T23:04:57.133566+00:00 ip-172-31-37-199 cloud-init[522]: ci-info: |   0   |  fe80::/64  |    ::   |    enX0   |   U   |
2025-09-01T23:04:57.133568+00:00 ip-172-31-37-199 cloud-init[522]: ci-info: |   2   |    local    |    ::   |    enX0   |   U   |
2025-09-01T23:04:57.133571+00:00 ip-172-31-37-199 cloud-init[522]: ci-info: |   3   |  multicast  |    ::   |    enX0   |   U   |
2025-09-01T23:04:57.133573+00:00 ip-172-31-37-199 cloud-init[522]: ci-info: +-------+-------------+---------+-----------+-------+
2025-09-01T23:04:57.133614+00:00 ip-172-31-37-199 cloud-init[522]: Generating public/private rsa key pair.
2025-09-01T23:04:57.133616+00:00 ip-172-31-37-199 cloud-init[522]: Your identification has been saved in /etc/ssh/ssh_host_rsa_key
2025-09-01T23:04:57.133621+00:00 ip-172-31-37-199 cloud-init[522]: Your public key has been saved in /etc/ssh/ssh_host_rsa_key.pub
2025-09-01T23:04:57.133625+00:00 ip-172-31-37-199 cloud-init[522]: The key fingerprint is:
2025-09-01T23:04:57.133627+00:00 ip-172-31-37-199 cloud-init[522]: SHA256:jBywtMLY3FGuwKvFVbwMMIw87DZD6bUfCH1b61oNms0 root@ip-172-31-37-199
2025-09-01T23:04:57.133630+00:00 ip-172-31-37-199 cloud-init[522]: The key's randomart image is:
2025-09-01T23:04:57.133632+00:00 ip-172-31-37-199 cloud-init[522]: +---[RSA 3072]----+
2025-09-01T23:04:57.133634+00:00 ip-172-31-37-199 cloud-init[522]: |oo=.+oo          |
2025-09-01T23:04:57.133638+00:00 ip-172-31-37-199 cloud-init[522]: |.&.*.O..         |
2025-09-01T23:04:57.133642+00:00 ip-172-31-37-199 cloud-init[522]: |= @ Oo=..        |
2025-09-01T23:04:57.133644+00:00 ip-172-31-37-199 cloud-init[522]: | B B =o*         |
2025-09-01T23:04:57.133647+00:00 ip-172-31-37-199 cloud-init[522]: |. * o X S        |
2025-09-01T23:04:57.133650+00:00 ip-172-31-37-199 cloud-init[522]: | o   + E .       |
2025-09-01T23:04:57.133652+00:00 ip-172-31-37-199 cloud-init[522]: |.     o          |
2025-09-01T23:04:57.133655+00:00 ip-172-31-37-199 cloud-init[522]: |     .           |
2025-09-01T23:04:57.133660+00:00 ip-172-31-37-199 cloud-init[522]: |                 |
2025-09-01T23:04:57.133663+00:00 ip-172-31-37-199 cloud-init[522]: +----[SHA256]-----+
2025-09-01T23:04:57.133665+00:00 ip-172-31-37-199 cloud-init[522]: Generating public/private ecdsa key pair.
2025-09-01T23:04:57.133667+00:00 ip-172-31-37-199 cloud-init[522]: Your identification has been saved in /etc/ssh/ssh_host_ecdsa_key
2025-09-01T23:04:57.133670+00:00 ip-172-31-37-199 cloud-init[522]: Your public key has been saved in /etc/ssh/ssh_host_ecdsa_key.pub
2025-09-01T23:04:57.133672+00:00 ip-172-31-37-199 cloud-init[522]: The key fingerprint is:
2025-09-01T23:04:57.133677+00:00 ip-172-31-37-199 cloud-init[522]: SHA256:dseULrSbYSf7HnKL0zEIHHSgNGuCJMndgPV2Oas9/Ss root@ip-172-31-37-199
2025-09-01T23:04:57.133680+00:00 ip-172-31-37-199 cloud-init[522]: The key's randomart image is:
2025-09-01T23:04:57.133682+00:00 ip-172-31-37-199 cloud-init[522]: +---[ECDSA 256]---+
2025-09-01T23:04:57.133684+00:00 ip-172-31-37-199 cloud-init[522]: |o.=oo o.o..      |
2025-09-01T23:04:57.133687+00:00 ip-172-31-37-199 cloud-init[522]: |.= o.o +o.   .   |
2025-09-01T23:04:57.133690+00:00 ip-172-31-37-199 cloud-init[522]: |  . .o+= .. o    |
2025-09-01T23:04:57.133695+00:00 ip-172-31-37-199 cloud-init[522]: |    .o. =. =     |
2025-09-01T23:04:57.133698+00:00 ip-172-31-37-199 cloud-init[522]: |       .S.B.=    |
2025-09-01T23:04:57.133700+00:00 ip-172-31-37-199 cloud-init[522]: |      o..o.Xo    |
2025-09-01T23:04:57.133702+00:00 ip-172-31-37-199 cloud-init[522]: |     . o .=.oo   |
2025-09-01T23:04:57.133705+00:00 ip-172-31-37-199 cloud-init[522]: |        .Eo=.o   |
2025-09-01T23:04:57.133707+00:00 ip-172-31-37-199 cloud-init[522]: |          o==    |
2025-09-01T23:04:57.133709+00:00 ip-172-31-37-199 cloud-init[522]: +----[SHA256]-----+
2025-09-01T23:04:57.133714+00:00 ip-172-31-37-199 cloud-init[522]: Generating public/private ed25519 key pair.
2025-09-01T23:04:57.133717+00:00 ip-172-31-37-199 cloud-init[522]: Your identification has been saved in /etc/ssh/ssh_host_ed25519_key
2025-09-01T23:04:57.133719+00:00 ip-172-31-37-199 cloud-init[522]: Your public key has been saved in /etc/ssh/ssh_host_ed25519_key.pub
2025-09-01T23:04:57.133722+00:00 ip-172-31-37-199 cloud-init[522]: The key fingerprint is:
2025-09-01T23:04:57.133725+00:00 ip-172-31-37-199 cloud-init[522]: SHA256:uWOPZlK8WJa4cqnD1oSdSNcqLsxDWB8aCCUo7ySmiaI root@ip-172-31-37-199
2025-09-01T23:04:57.133730+00:00 ip-172-31-37-199 cloud-init[522]: The key's randomart image is:
2025-09-01T23:04:57.133733+00:00 ip-172-31-37-199 cloud-init[522]: +--[ED25519 256]--+
2025-09-01T23:04:57.133735+00:00 ip-172-31-37-199 cloud-init[522]: |o..              |
2025-09-01T23:04:57.133737+00:00 ip-172-31-37-199 cloud-init[522]: |+.               |
2025-09-01T23:04:57.133740+00:00 ip-172-31-37-199 cloud-init[522]: |oo     .         |
2025-09-01T23:04:57.133742+00:00 ip-172-31-37-199 cloud-init[522]: |o.= o . ..       |
2025-09-01T23:04:57.133744+00:00 ip-172-31-37-199 cloud-init[522]: |+B = * =S.       |
2025-09-01T23:04:57.133749+00:00 ip-172-31-37-199 cloud-init[522]: |* + = * *.       |
2025-09-01T23:04:57.133752+00:00 ip-172-31-37-199 cloud-init[522]: |o+ o + B+.       |
2025-09-01T23:04:57.133754+00:00 ip-172-31-37-199 cloud-init[522]: |E = * B.++       |
2025-09-01T23:04:57.133757+00:00 ip-172-31-37-199 cloud-init[522]: |   +.= +. .      |
2025-09-01T23:04:57.133759+00:00 ip-172-31-37-199 cloud-init[522]: +----[SHA256]-----+
2025-09-01T23:04:57.133762+00:00 ip-172-31-37-199 systemd[1]: Finished cloud-init.service - Cloud-init: Network Stage.
2025-09-01T23:04:57.133767+00:00 ip-172-31-37-199 systemd[1]: Reached target cloud-config.target - Cloud-config availability.
2025-09-01T23:04:57.133770+00:00 ip-172-31-37-199 systemd[1]: Reached target network-online.target - Network is Online.
2025-09-01T23:04:57.133772+00:00 ip-172-31-37-199 systemd[1]: Reached target sysinit.target - System Initialization.
2025-09-01T23:04:57.133774+00:00 ip-172-31-37-199 systemd[1]: Started acpid.path - ACPI Events Check.
2025-09-01T23:04:57.133777+00:00 ip-172-31-37-199 systemd[1]: apport-autoreport.path - Process error reports when automatic reporting is enabled (file watch) was skipped because of an unmet condition check (ConditionPathExists=/var/lib/apport/autoreport).
2025-09-01T23:04:57.133780+00:00 ip-172-31-37-199 systemd[1]: tpm-udev.path - Handle dynamically added tpm devices was skipped because of an unmet condition check (ConditionVirtualization=container).
2025-09-01T23:04:57.133786+00:00 ip-172-31-37-199 systemd[1]: apport-autoreport.timer - Process error reports when automatic reporting is enabled (timer based) was skipped because of an unmet condition check (ConditionPathExists=/var/lib/apport/autoreport).
2025-09-01T23:04:57.133788+00:00 ip-172-31-37-199 systemd[1]: Started systemd-tmpfiles-clean.timer - Daily Cleanup of Temporary Directories.
2025-09-01T23:04:57.133791+00:00 ip-172-31-37-199 systemd[1]: ua-timer.timer - Ubuntu Pro Timer for running repeated jobs was skipped because of an unmet condition check (ConditionPathExists=/var/lib/ubuntu-advantage/private/machine-token.json).
2025-09-01T23:04:57.133793+00:00 ip-172-31-37-199 systemd[1]: Started update-notifier-download.timer - Download data for packages that failed at package install time.
2025-09-01T23:04:57.133796+00:00 ip-172-31-37-199 systemd[1]: Reached target paths.target - Path Units.
2025-09-01T23:04:57.133801+00:00 ip-172-31-37-199 systemd[1]: Listening on acpid.socket - ACPID Listen Socket.
2025-09-01T23:04:57.133803+00:00 ip-172-31-37-199 systemd[1]: apport-forward.socket - Unix socket for apport crash forwarding was skipped because of an unmet condition check (ConditionVirtualization=container).
2025-09-01T23:04:57.133806+00:00 ip-172-31-37-199 systemd[1]: Listening on cloud-init-hotplugd.socket - cloud-init hotplug hook socket.
2025-09-01T23:04:57.133809+00:00 ip-172-31-37-199 systemd[1]: Listening on dbus.socket - D-Bus System Message Bus Socket.
2025-09-01T23:04:57.133811+00:00 ip-172-31-37-199 systemd[1]: Listening on iscsid.socket - Open-iSCSI iscsid Socket.
2025-09-01T23:04:57.133813+00:00 ip-172-31-37-199 systemd[1]: Starting lxd-installer.socket - Helper to install lxd snap on demand...
2025-09-01T23:04:57.133819+00:00 ip-172-31-37-199 systemd[1]: Starting snapd.socket - Socket activation for snappy daemon...
2025-09-01T23:04:57.133821+00:00 ip-172-31-37-199 systemd[1]: Listening on ssh.socket - OpenBSD Secure Shell server socket.
2025-09-01T23:04:57.133824+00:00 ip-172-31-37-199 systemd[1]: Listening on uuidd.socket - UUID daemon activation socket.
2025-09-01T23:04:57.133826+00:00 ip-172-31-37-199 systemd[1]: open-iscsi.service - Login to default iSCSI targets was skipped because no trigger condition checks were met.
2025-09-01T23:04:57.133829+00:00 ip-172-31-37-199 systemd[1]: Reached target remote-fs-pre.target - Preparation for Remote File Systems.
2025-09-01T23:04:57.133831+00:00 ip-172-31-37-199 systemd[1]: Reached target remote-fs.target - Remote File Systems.
2025-09-01T23:04:57.133836+00:00 ip-172-31-37-199 systemd[1]: Finished blk-availability.service - Availability of block devices.
2025-09-01T23:04:57.133839+00:00 ip-172-31-37-199 systemd[1]: systemd-pcrphase-sysinit.service - TPM2 PCR Barrier (Initialization) was skipped because of an unmet condition check (ConditionSecurity=measured-uki).
2025-09-01T23:04:57.133841+00:00 ip-172-31-37-199 systemd[1]: Listening on lxd-installer.socket - Helper to install lxd snap on demand.
2025-09-01T23:04:57.133844+00:00 ip-172-31-37-199 systemd[1]: Listening on snapd.socket - Socket activation for snappy daemon.
2025-09-01T23:04:57.133846+00:00 ip-172-31-37-199 systemd[1]: Reached target sockets.target - Socket Units.
2025-09-01T23:04:57.133848+00:00 ip-172-31-37-199 systemd[1]: Reached target basic.target - Basic System.
2025-09-01T23:04:57.133855+00:00 ip-172-31-37-199 systemd[1]: Started acpid.service - ACPI event daemon.
2025-09-01T23:04:57.133858+00:00 ip-172-31-37-199 (acpid)[574]: acpid.service: Referenced but unset environment variable evaluates to an empty string: OPTIONS
2025-09-01T23:04:57.133860+00:00 ip-172-31-37-199 systemd[1]: Starting apport.service - automatic crash report generation...
2025-09-01T23:04:57.133863+00:00 ip-172-31-37-199 acpid: starting up with netlink and the input layer
2025-09-01T23:04:57.133865+00:00 ip-172-31-37-199 systemd[1]: Starting chrony.service - chrony, an NTP client/server...
2025-09-01T23:04:57.133867+00:00 ip-172-31-37-199 acpid: 2 rules loaded
2025-09-01T23:04:57.133873+00:00 ip-172-31-37-199 acpid: waiting for events: event logging is off
2025-09-01T23:04:57.133875+00:00 ip-172-31-37-199 systemd[1]: Starting cloud-config.service - Cloud-init: Config Stage...
2025-09-01T23:04:57.133878+00:00 ip-172-31-37-199 systemd[1]: Started cron.service - Regular background program processing daemon.
2025-09-01T23:04:57.133880+00:00 ip-172-31-37-199 systemd[1]: Starting dbus.service - D-Bus System Message Bus...
2025-09-01T23:04:57.133882+00:00 ip-172-31-37-199 systemd[1]: Started dmesg.service - Save initial kernel messages after boot.
2025-09-01T23:04:57.133885+00:00 ip-172-31-37-199 (cron)[578]: cron.service: Referenced but unset environment variable evaluates to an empty string: EXTRA_OPTS
2025-09-01T23:04:57.133891+00:00 ip-172-31-37-199 cron[578]: (CRON) INFO (pidfile fd = 3)
2025-09-01T23:04:57.133893+00:00 ip-172-31-37-199 systemd[1]: Starting e2scrub_reap.service - Remove Stale Online ext4 Metadata Check Snapshots...
2025-09-01T23:04:57.133895+00:00 ip-172-31-37-199 cron[578]: (CRON) INFO (Running @reboot jobs)
2025-09-01T23:04:57.133898+00:00 ip-172-31-37-199 systemd[1]: Starting ec2-instance-connect-harvest-hostkeys.service - EC2 Instance Connect Host Key Harvesting...
2025-09-01T23:04:57.133901+00:00 ip-172-31-37-199 systemd[1]: getty-static.service - getty on tty2-tty6 if dbus and logind are not available was skipped because of an unmet condition check (ConditionPathExists=!/usr/bin/dbus-daemon).
2025-09-01T23:04:57.133903+00:00 ip-172-31-37-199 systemd[1]: Starting grub-common.service - Record successful boot for GRUB...
2025-09-01T23:04:57.133908+00:00 ip-172-31-37-199 systemd[1]: irqbalance.service - irqbalance daemon was skipped because of an unmet condition check (ConditionCPUs=>1).
2025-09-01T23:04:57.133911+00:00 ip-172-31-37-199 systemd[1]: Starting networkd-dispatcher.service - Dispatcher daemon for systemd-networkd...
2025-09-01T23:04:57.133913+00:00 ip-172-31-37-199 dbus-daemon[579]: [system] AppArmor D-Bus mediation is enabled
2025-09-01T23:04:57.133916+00:00 ip-172-31-37-199 dbus-daemon[579]: [system] Activating systemd to hand-off: service name='org.freedesktop.hostname1' unit='dbus-org.freedesktop.hostname1.service' requested by ':1.1' (uid=998 pid=511 comm="/usr/lib/systemd/systemd-networkd" label="unconfined")
2025-09-01T23:04:57.133919+00:00 ip-172-31-37-199 systemd[1]: Starting polkit.service - Authorization Manager...
2025-09-01T23:04:57.133924+00:00 ip-172-31-37-199 systemd[1]: Starting pollinate.service - Pollinate to seed the pseudo random number generator...
2025-09-01T23:04:57.133926+00:00 ip-172-31-37-199 systemd[1]: Starting rsyslog.service - System Logging Service...
2025-09-01T23:04:57.133929+00:00 ip-172-31-37-199 systemd[1]: secureboot-db.service - Secure Boot updates for DB and DBX was skipped because of an unmet condition check (ConditionPathExists=/sys/firmware/efi/efivars/db-d719b2cb-3d3a-4596-a3bc-dad00e67656f).
2025-09-01T23:04:57.133931+00:00 ip-172-31-37-199 systemd[1]: snapd.core-fixup.service - Automatically repair incorrect owner/permissions on core devices was skipped because no trigger condition checks were met.
2025-09-01T23:04:57.133934+00:00 ip-172-31-37-199 systemd[1]: snapd.recovery-chooser-trigger.service - Wait for the Ubuntu Core chooser trigger was skipped because of an unmet condition check (ConditionKernelCommandLine=snapd_recovery_mode).
2025-09-01T23:04:57.133939+00:00 ip-172-31-37-199 systemd[1]: Reached target getty-pre.target - Preparation for Logins.
2025-09-01T23:04:57.133941+00:00 ip-172-31-37-199 systemd[1]: Starting snapd.seeded.service - Wait until snapd is fully seeded...
2025-09-01T23:04:57.133944+00:00 ip-172-31-37-199 systemd[1]: Starting snapd.service - Snap Daemon...
2025-09-01T23:04:57.133946+00:00 ip-172-31-37-199 systemd[1]: Starting sysstat.service - Resets System Activity Logs...
2025-09-01T23:04:57.133949+00:00 ip-172-31-37-199 systemd[1]: Starting systemd-logind.service - User Login Management...
2025-09-01T23:04:57.133952+00:00 ip-172-31-37-199 systemd[1]: systemd-pcrphase.service - TPM2 PCR Barrier (User) was skipped because of an unmet condition check (ConditionSecurity=measured-uki).
2025-09-01T23:04:57.133958+00:00 ip-172-31-37-199 systemd[1]: Starting systemd-user-sessions.service - Permit User Sessions...
2025-09-01T23:04:57.133960+00:00 ip-172-31-37-199 systemd[1]: ua-reboot-cmds.service - Ubuntu Pro reboot cmds was skipped because of an unmet condition check (ConditionPathExists=/var/lib/ubuntu-advantage/private/machine-token.json).
2025-09-01T23:04:57.133962+00:00 ip-172-31-37-199 systemd[1]: ubuntu-advantage.service - Ubuntu Pro Background Auto Attach was skipped because no trigger condition checks were met.
2025-09-01T23:04:57.133965+00:00 ip-172-31-37-199 systemd[1]: Starting udisks2.service - Disk Manager...
2025-09-01T23:04:57.133967+00:00 ip-172-31-37-199 systemd[1]: Started dbus.service - D-Bus System Message Bus.
2025-09-01T23:04:57.133970+00:00 ip-172-31-37-199 systemd[1]: e2scrub_reap.service: Deactivated successfully.
2025-09-01T23:04:57.133975+00:00 ip-172-31-37-199 systemd[1]: Finished e2scrub_reap.service - Remove Stale Online ext4 Metadata Check Snapshots.
2025-09-01T23:04:57.133977+00:00 ip-172-31-37-199 systemd[1]: Finished sysstat.service - Resets System Activity Logs.
2025-09-01T23:04:57.133980+00:00 ip-172-31-37-199 systemd[1]: Finished systemd-user-sessions.service - Permit User Sessions.
2025-09-01T23:04:57.133982+00:00 ip-172-31-37-199 udisksd[613]: udisks daemon version 2.10.1 starting
2025-09-01T23:04:57.133985+00:00 ip-172-31-37-199 dbus-daemon[579]: [system] Successfully activated service 'org.freedesktop.systemd1'
2025-09-01T23:04:57.133987+00:00 ip-172-31-37-199 dbus-daemon[579]: [system] Activating via systemd: service name='org.freedesktop.PolicyKit1' unit='polkit.service' requested by ':1.2' (uid=0 pid=613 comm="/usr/libexec/udisks2/udisksd" label="unconfined")
2025-09-01T23:04:57.133992+00:00 ip-172-31-37-199 systemd[1]: Starting plymouth-quit-wait.service - Hold until boot process finishes up...
2025-09-01T23:04:57.133995+00:00 ip-172-31-37-199 systemd[1]: Starting plymouth-quit.service - Terminate Plymouth Boot Screen...
2025-09-01T23:04:57.134009+00:00 ip-172-31-37-199 systemd[1]: Finished plymouth-quit-wait.service - Hold until boot process finishes up.
2025-09-01T23:04:57.134012+00:00 ip-172-31-37-199 networkd-dispatcher[585]: No valid path found for iwconfig
2025-09-01T23:04:57.134015+00:00 ip-172-31-37-199 networkd-dispatcher[585]: No valid path found for iw
2025-09-01T23:04:57.134017+00:00 ip-172-31-37-199 pollinate[588]: client sent challenge to [https://entropy.ubuntu.com/]
2025-09-01T23:04:57.134020+00:00 ip-172-31-37-199 systemd[1]: Started systemd-logind.service - User Login Management.
2025-09-01T23:04:57.134022+00:00 ip-172-31-37-199 systemd[1]: Finished plymouth-quit.service - Terminate Plymouth Boot Screen.
2025-09-01T23:04:57.134027+00:00 ip-172-31-37-199 systemd[1]: Started serial-getty@ttyS0.service - Serial Getty on ttyS0.
2025-09-01T23:04:57.134029+00:00 ip-172-31-37-199 chronyd[712]: chronyd version 4.5 starting (+CMDMON +NTP +REFCLOCK +RTC +PRIVDROP +SCFILTER +SIGND +ASYNCDNS +NTS +SECHASH +IPV6 -DEBUG)
2025-09-01T23:04:57.134032+00:00 ip-172-31-37-199 chronyd[712]: Loaded 0 symmetric keys
2025-09-01T23:04:57.134034+00:00 ip-172-31-37-199 systemd[1]: Starting setvtrgb.service - Set console scheme...
2025-09-01T23:04:57.134037+00:00 ip-172-31-37-199 chronyd[712]: Using right/UTC timezone to obtain leap second data
2025-09-01T23:04:57.134039+00:00 ip-172-31-37-199 chronyd[712]: Loaded seccomp filter (level 1)
2025-09-01T23:04:57.134044+00:00 ip-172-31-37-199 polkitd[587]: Started polkitd version 124
2025-09-01T23:04:57.134047+00:00 ip-172-31-37-199 systemd[1]: Starting systemd-hostnamed.service - Hostname Service...
2025-09-01T23:04:57.134056+00:00 ip-172-31-37-199 dbus-daemon[579]: [system] Successfully activated service 'org.freedesktop.PolicyKit1'
2025-09-01T23:04:57.129331+00:00 ip-172-31-37-199 kernel: Linux version 6.14.0-1011-aws (buildd@lcy02-amd64-107) (x86_64-linux-gnu-gcc-13 (Ubuntu 13.3.0-6ubuntu2~24.04) 13.3.0, GNU ld (GNU Binutils for Ubuntu) 2.42) #11~24.04.1-Ubuntu SMP Fri Aug  1 02:07:25 UTC 2025 (Ubuntu 6.14.0-1011.11~24.04.1-aws 6.14.8)
2025-09-01T23:04:57.146720+00:00 ip-172-31-37-199 kernel: Command line: BOOT_IMAGE=/vmlinuz-6.14.0-1011-aws root=PARTUUID=d8b02072-b013-48de-b7a8-331276413234 ro console=tty1 console=ttyS0 nvme_core.io_timeout=4294967295 panic=-1
2025-09-01T23:04:57.146724+00:00 ip-172-31-37-199 kernel: KERNEL supported cpus:
2025-09-01T23:04:57.146725+00:00 ip-172-31-37-199 kernel:   Intel GenuineIntel
2025-09-01T23:04:57.146726+00:00 ip-172-31-37-199 kernel:   AMD AuthenticAMD
2025-09-01T23:04:57.146735+00:00 ip-172-31-37-199 kernel:   Hygon HygonGenuine
2025-09-01T23:04:57.146736+00:00 ip-172-31-37-199 kernel:   Centaur CentaurHauls
2025-09-01T23:04:57.146738+00:00 ip-172-31-37-199 kernel:   zhaoxin   Shanghai  
2025-09-01T23:04:57.146739+00:00 ip-172-31-37-199 kernel: BIOS-provided physical RAM map:
2025-09-01T23:04:57.146740+00:00 ip-172-31-37-199 kernel: BIOS-e820: [mem 0x0000000000000000-0x000000000009dfff] usable
2025-09-01T23:04:57.146741+00:00 ip-172-31-37-199 kernel: BIOS-e820: [mem 0x000000000009e000-0x000000000009ffff] reserved
2025-09-01T23:04:57.146742+00:00 ip-172-31-37-199 kernel: BIOS-e820: [mem 0x00000000000e0000-0x00000000000fffff] reserved
2025-09-01T23:04:57.146742+00:00 ip-172-31-37-199 kernel: BIOS-e820: [mem 0x0000000000100000-0x000000003fffffff] usable
2025-09-01T23:04:57.146745+00:00 ip-172-31-37-199 kernel: BIOS-e820: [mem 0x00000000fc000000-0x00000000ffffffff] reserved
2025-09-01T23:04:57.146745+00:00 ip-172-31-37-199 kernel: NX (Execute Disable) protection: active
2025-09-01T23:04:57.146746+00:00 ip-172-31-37-199 kernel: APIC: Static calls initialized
2025-09-01T23:04:57.146747+00:00 ip-172-31-37-199 kernel: SMBIOS 2.7 present.
2025-09-01T23:04:57.146748+00:00 ip-172-31-37-199 kernel: DMI: Xen HVM domU, BIOS 4.11.amazon 08/24/2006
2025-09-01T23:04:57.146748+00:00 ip-172-31-37-199 kernel: DMI: Memory slots populated: 1/1
2025-09-01T23:04:57.146749+00:00 ip-172-31-37-199 kernel: Hypervisor detected: Xen HVM
2025-09-01T23:04:57.146753+00:00 ip-172-31-37-199 kernel: Xen version 4.11.
2025-09-01T23:04:57.146754+00:00 ip-172-31-37-199 kernel: platform_pci_unplug: Netfront and the Xen platform PCI driver have been compiled for this kernel: unplug emulated NICs.
2025-09-01T23:04:57.146755+00:00 ip-172-31-37-199 kernel: platform_pci_unplug: Blkfront and the Xen platform PCI driver have been compiled for this kernel: unplug emulated disks.
2025-09-01T23:04:57.146756+00:00 ip-172-31-37-199 kernel: You might have to change the root device
2025-09-01T23:04:57.146757+00:00 ip-172-31-37-199 kernel: from /dev/hd[a-d] to /dev/xvd[a-d]
2025-09-01T23:04:57.146757+00:00 ip-172-31-37-199 kernel: in your root= kernel command line option
2025-09-01T23:04:57.146760+00:00 ip-172-31-37-199 kernel: HVMOP_pagetable_dying not supported
2025-09-01T23:04:57.146760+00:00 ip-172-31-37-199 kernel: tsc: Detected 2299.998 MHz processor
2025-09-01T23:04:57.146761+00:00 ip-172-31-37-199 kernel: e820: update [mem 0x00000000-0x00000fff] usable ==> reserved
2025-09-01T23:04:57.146762+00:00 ip-172-31-37-199 kernel: e820: remove [mem 0x000a0000-0x000fffff] usable
2025-09-01T23:04:57.146763+00:00 ip-172-31-37-199 kernel: last_pfn = 0x40000 max_arch_pfn = 0x400000000
2025-09-01T23:04:57.146764+00:00 ip-172-31-37-199 kernel: MTRR map: 4 entries (3 fixed + 1 variable; max 19), built from 8 variable MTRRs
2025-09-01T23:04:57.146766+00:00 ip-172-31-37-199 kernel: x86/PAT: Configuration [0-7]: WB  WC  UC- UC  WB  WP  UC- WT  
2025-09-01T23:04:57.146767+00:00 ip-172-31-37-199 kernel: found SMP MP-table at [mem 0x000fbb70-0x000fbb7f]
2025-09-01T23:04:57.146767+00:00 ip-172-31-37-199 kernel: RAMDISK: [mem 0x3669d000-0x37345fff]
2025-09-01T23:04:57.146768+00:00 ip-172-31-37-199 kernel: ACPI: Early table checksum verification disabled
2025-09-01T23:04:57.146769+00:00 ip-172-31-37-199 kernel: ACPI: RSDP 0x00000000000EA020 000024 (v02 Xen   )
2025-09-01T23:04:57.146770+00:00 ip-172-31-37-199 kernel: ACPI: XSDT 0x00000000FC00A250 00005C (v01 Xen    HVM      00000000 HVML 00000000)
2025-09-01T23:04:57.146770+00:00 ip-172-31-37-199 kernel: ACPI: FACP 0x00000000FC00A150 0000F4 (v04 Xen    HVM      00000000 HVML 00000000)
2025-09-01T23:04:57.146772+00:00 ip-172-31-37-199 kernel: ACPI: DSDT 0x00000000FC001000 008A79 (v02 Xen    HVM      00000000 INTL 20090123)
2025-09-01T23:04:57.146773+00:00 ip-172-31-37-199 kernel: ACPI: FACS 0x00000000FC00A050 000040
2025-09-01T23:04:57.146774+00:00 ip-172-31-37-199 kernel: ACPI: FACS 0x00000000FC00A050 000040
2025-09-01T23:04:57.146776+00:00 ip-172-31-37-199 kernel: ACPI: SSDT 0x00000000FC009A80 000033 (v02 Xen    HVM      00000000 INTL 20090123)
2025-09-01T23:04:57.146777+00:00 ip-172-31-37-199 kernel: ACPI: SSDT 0x00000000FC009AC0 000031 (v02 Xen    HVM      00000000 INTL 20090123)
2025-09-01T23:04:57.146778+00:00 ip-172-31-37-199 kernel: ACPI: APIC 0x00000000FC009B00 0000D8 (v02 Xen    HVM      00000000 HVML 00000000)
2025-09-01T23:04:57.146798+00:00 ip-172-31-37-199 kernel: ACPI: HPET 0x00000000FC009FE0 000038 (v01 Xen    HVM      00000000 HVML 00000000)
2025-09-01T23:04:57.146799+00:00 ip-172-31-37-199 kernel: ACPI: WAET 0x00000000FC00A020 000028 (v01 Xen    HVM      00000000 HVML 00000000)
2025-09-01T23:04:57.146800+00:00 ip-172-31-37-199 kernel: ACPI: Reserving FACP table memory at [mem 0xfc00a150-0xfc00a243]
2025-09-01T23:04:57.146801+00:00 ip-172-31-37-199 kernel: ACPI: Reserving DSDT table memory at [mem 0xfc001000-0xfc009a78]
2025-09-01T23:04:57.146801+00:00 ip-172-31-37-199 kernel: ACPI: Reserving FACS table memory at [mem 0xfc00a050-0xfc00a08f]
2025-09-01T23:04:57.146802+00:00 ip-172-31-37-199 kernel: ACPI: Reserving FACS table memory at [mem 0xfc00a050-0xfc00a08f]
2025-09-01T23:04:57.146805+00:00 ip-172-31-37-199 kernel: ACPI: Reserving SSDT table memory at [mem 0xfc009a80-0xfc009ab2]
2025-09-01T23:04:57.146806+00:00 ip-172-31-37-199 kernel: ACPI: Reserving SSDT table memory at [mem 0xfc009ac0-0xfc009af0]
2025-09-01T23:04:57.146806+00:00 ip-172-31-37-199 kernel: ACPI: Reserving APIC table memory at [mem 0xfc009b00-0xfc009bd7]
2025-09-01T23:04:57.146807+00:00 ip-172-31-37-199 kernel: ACPI: Reserving HPET table memory at [mem 0xfc009fe0-0xfc00a017]
2025-09-01T23:04:57.146808+00:00 ip-172-31-37-199 kernel: ACPI: Reserving WAET table memory at [mem 0xfc00a020-0xfc00a047]
2025-09-01T23:04:57.146809+00:00 ip-172-31-37-199 kernel: No NUMA configuration found
2025-09-01T23:04:57.146811+00:00 ip-172-31-37-199 kernel: Faking a node at [mem 0x0000000000000000-0x000000003fffffff]
2025-09-01T23:04:57.146812+00:00 ip-172-31-37-199 kernel: NODE_DATA(0) allocated [mem 0x3ffd5540-0x3fffffff]
2025-09-01T23:04:57.146813+00:00 ip-172-31-37-199 kernel: Zone ranges:
2025-09-01T23:04:57.146813+00:00 ip-172-31-37-199 kernel:   DMA      [mem 0x0000000000001000-0x0000000000ffffff]
2025-09-01T23:04:57.146814+00:00 ip-172-31-37-199 kernel:   DMA32    [mem 0x0000000001000000-0x000000003fffffff]
2025-09-01T23:04:57.146815+00:00 ip-172-31-37-199 kernel:   Normal   empty
2025-09-01T23:04:57.146816+00:00 ip-172-31-37-199 kernel:   Device   empty
2025-09-01T23:04:57.146818+00:00 ip-172-31-37-199 kernel: Movable zone start for each node
2025-09-01T23:04:57.146819+00:00 ip-172-31-37-199 kernel: Early memory node ranges
2025-09-01T23:04:57.146819+00:00 ip-172-31-37-199 kernel:   node   0: [mem 0x0000000000001000-0x000000000009dfff]
2025-09-01T23:04:57.146820+00:00 ip-172-31-37-199 kernel:   node   0: [mem 0x0000000000100000-0x000000003fffffff]
2025-09-01T23:04:57.146821+00:00 ip-172-31-37-199 kernel: Initmem setup node 0 [mem 0x0000000000001000-0x000000003fffffff]
2025-09-01T23:04:57.146822+00:00 ip-172-31-37-199 kernel: On node 0, zone DMA: 1 pages in unavailable ranges
2025-09-01T23:04:57.146824+00:00 ip-172-31-37-199 kernel: On node 0, zone DMA: 98 pages in unavailable ranges
2025-09-01T23:04:57.146825+00:00 ip-172-31-37-199 kernel: ACPI: PM-Timer IO Port: 0xb008
2025-09-01T23:04:57.146826+00:00 ip-172-31-37-199 kernel: IOAPIC[0]: apic_id 1, version 17, address 0xfec00000, GSI 0-47
2025-09-01T23:04:57.146826+00:00 ip-172-31-37-199 kernel: ACPI: INT_SRC_OVR (bus 0 bus_irq 0 global_irq 2 dfl dfl)
2025-09-01T23:04:57.146827+00:00 ip-172-31-37-199 kernel: ACPI: INT_SRC_OVR (bus 0 bus_irq 5 global_irq 5 low level)
2025-09-01T23:04:57.146828+00:00 ip-172-31-37-199 kernel: ACPI: INT_SRC_OVR (bus 0 bus_irq 10 global_irq 10 low level)
2025-09-01T23:04:57.146828+00:00 ip-172-31-37-199 kernel: ACPI: INT_SRC_OVR (bus 0 bus_irq 11 global_irq 11 low level)
2025-09-01T23:04:57.146831+00:00 ip-172-31-37-199 kernel: ACPI: Using ACPI (MADT) for SMP configuration information
2025-09-01T23:04:57.146832+00:00 ip-172-31-37-199 kernel: ACPI: HPET id: 0x8086a201 base: 0xfed00000
2025-09-01T23:04:57.146832+00:00 ip-172-31-37-199 kernel: TSC deadline timer available
2025-09-01T23:04:57.146833+00:00 ip-172-31-37-199 kernel: CPU topo: Max. logical packages:   1
2025-09-01T23:04:57.146834+00:00 ip-172-31-37-199 kernel: CPU topo: Max. logical dies:       1
2025-09-01T23:04:57.146835+00:00 ip-172-31-37-199 kernel: CPU topo: Max. dies per package:   1
2025-09-01T23:04:57.146837+00:00 ip-172-31-37-199 kernel: CPU topo: Max. threads per core:   1
2025-09-01T23:04:57.146838+00:00 ip-172-31-37-199 kernel: CPU topo: Num. cores per package:     1
2025-09-01T23:04:57.146838+00:00 ip-172-31-37-199 kernel: CPU topo: Num. threads per package:   1
2025-09-01T23:04:57.146839+00:00 ip-172-31-37-199 kernel: CPU topo: Allowing 1 present CPUs plus 14 hotplug CPUs
2025-09-01T23:04:57.146840+00:00 ip-172-31-37-199 kernel: PM: hibernation: Registered nosave memory: [mem 0x00000000-0x00000fff]
2025-09-01T23:04:57.146841+00:00 ip-172-31-37-199 kernel: PM: hibernation: Registered nosave memory: [mem 0x0009e000-0x000fffff]
2025-09-01T23:04:57.146843+00:00 ip-172-31-37-199 kernel: [mem 0x40000000-0xfbffffff] available for PCI devices
2025-09-01T23:04:57.146844+00:00 ip-172-31-37-199 kernel: Booting paravirtualized kernel on Xen HVM
2025-09-01T23:04:57.146845+00:00 ip-172-31-37-199 kernel: clocksource: refined-jiffies: mask: 0xffffffff max_cycles: 0xffffffff, max_idle_ns: 1910969940391419 ns
2025-09-01T23:04:57.146845+00:00 ip-172-31-37-199 kernel: setup_percpu: NR_CPUS:8192 nr_cpumask_bits:15 nr_cpu_ids:15 nr_node_ids:1
2025-09-01T23:04:57.146846+00:00 ip-172-31-37-199 kernel: percpu: Embedded 88 pages/cpu s237568 r8192 d114688 u524288
2025-09-01T23:04:57.146847+00:00 ip-172-31-37-199 kernel: pcpu-alloc: s237568 r8192 d114688 u524288 alloc=1*2097152
2025-09-01T23:04:57.146848+00:00 ip-172-31-37-199 kernel: pcpu-alloc: [0] 00 01 02 03 [0] 04 05 06 07 
2025-09-01T23:04:57.146850+00:00 ip-172-31-37-199 kernel: pcpu-alloc: [0] 08 09 10 11 [0] 12 13 14 -- 
2025-09-01T23:04:57.146851+00:00 ip-172-31-37-199 kernel: xen: PV spinlocks enabled
2025-09-01T23:04:57.146852+00:00 ip-172-31-37-199 kernel: PV qspinlock hash table entries: 256 (order: 0, 4096 bytes, linear)
2025-09-01T23:04:57.146852+00:00 ip-172-31-37-199 kernel: Kernel command line: BOOT_IMAGE=/vmlinuz-6.14.0-1011-aws root=PARTUUID=d8b02072-b013-48de-b7a8-331276413234 ro console=tty1 console=ttyS0 nvme_core.io_timeout=4294967295 panic=-1
2025-09-01T23:04:57.146853+00:00 ip-172-31-37-199 kernel: Unknown kernel command line parameters "BOOT_IMAGE=/vmlinuz-6.14.0-1011-aws", will be passed to user space.
2025-09-01T23:04:57.146856+00:00 ip-172-31-37-199 kernel: random: crng init done
2025-09-01T23:04:57.146856+00:00 ip-172-31-37-199 kernel: printk: log buffer data + meta data: 262144 + 917504 = 1179648 bytes
2025-09-01T23:04:57.146857+00:00 ip-172-31-37-199 kernel: Dentry cache hash table entries: 131072 (order: 8, 1048576 bytes, linear)
2025-09-01T23:04:57.146858+00:00 ip-172-31-37-199 kernel: Inode-cache hash table entries: 65536 (order: 7, 524288 bytes, linear)
2025-09-01T23:04:57.146859+00:00 ip-172-31-37-199 kernel: Fallback order for Node 0: 0 
2025-09-01T23:04:57.146859+00:00 ip-172-31-37-199 kernel: Built 1 zonelists, mobility grouping on.  Total pages: 262045
2025-09-01T23:04:57.146860+00:00 ip-172-31-37-199 kernel: Policy zone: DMA32
2025-09-01T23:04:57.146900+00:00 ip-172-31-37-199 kernel: mem auto-init: stack:all(zero), heap alloc:on, heap free:off
2025-09-01T23:04:57.146901+00:00 ip-172-31-37-199 kernel: SLUB: HWalign=64, Order=0-3, MinObjects=0, CPUs=15, Nodes=1
2025-09-01T23:04:57.146902+00:00 ip-172-31-37-199 kernel: Kernel/User page tables isolation: enabled
2025-09-01T23:04:57.146902+00:00 ip-172-31-37-199 kernel: ftrace: allocating 60654 entries in 237 pages
2025-09-01T23:04:57.146903+00:00 ip-172-31-37-199 kernel: ftrace section at ffffffff9a4eb000 sorted properly
2025-09-01T23:04:57.146904+00:00 ip-172-31-37-199 kernel: ftrace: allocated 237 pages with 6 groups
2025-09-01T23:04:57.146906+00:00 ip-172-31-37-199 kernel: rcu: Hierarchical RCU implementation.
2025-09-01T23:04:57.146907+00:00 ip-172-31-37-199 kernel: rcu: 	RCU restricting CPUs from NR_CPUS=8192 to nr_cpu_ids=15.
2025-09-01T23:04:57.146908+00:00 ip-172-31-37-199 kernel: 	Rude variant of Tasks RCU enabled.
2025-09-01T23:04:57.146908+00:00 ip-172-31-37-199 kernel: 	Tracing variant of Tasks RCU enabled.
2025-09-01T23:04:57.146909+00:00 ip-172-31-37-199 kernel: rcu: RCU calculated value of scheduler-enlistment delay is 100 jiffies.
2025-09-01T23:04:57.146910+00:00 ip-172-31-37-199 kernel: rcu: Adjusting geometry for rcu_fanout_leaf=16, nr_cpu_ids=15
2025-09-01T23:04:57.146910+00:00 ip-172-31-37-199 kernel: RCU Tasks Rude: Setting shift to 4 and lim to 1 rcu_task_cb_adjust=1 rcu_task_cpu_ids=15.
2025-09-01T23:04:57.146913+00:00 ip-172-31-37-199 kernel: RCU Tasks Trace: Setting shift to 4 and lim to 1 rcu_task_cb_adjust=1 rcu_task_cpu_ids=15.
2025-09-01T23:04:57.146914+00:00 ip-172-31-37-199 kernel: NR_IRQS: 524544, nr_irqs: 952, preallocated irqs: 16
2025-09-01T23:04:57.146915+00:00 ip-172-31-37-199 kernel: xen:events: Using 2-level ABI
2025-09-01T23:04:57.146915+00:00 ip-172-31-37-199 kernel: xen:events: Xen HVM callback vector for event delivery is enabled
2025-09-01T23:04:57.146916+00:00 ip-172-31-37-199 kernel: rcu: srcu_init: Setting srcu_struct sizes based on contention.
2025-09-01T23:04:57.146917+00:00 ip-172-31-37-199 kernel: Console: colour VGA+ 80x25
2025-09-01T23:04:57.146919+00:00 ip-172-31-37-199 kernel: printk: legacy console [tty1] enabled
2025-09-01T23:04:57.146920+00:00 ip-172-31-37-199 kernel: Cannot get hvm parameter CONSOLE_EVTCHN (18): -22!
2025-09-01T23:04:57.146920+00:00 ip-172-31-37-199 kernel: printk: legacy console [ttyS0] enabled
2025-09-01T23:04:57.146921+00:00 ip-172-31-37-199 kernel: ACPI: Core revision 20240827
2025-09-01T23:04:57.146922+00:00 ip-172-31-37-199 kernel: clocksource: hpet: mask: 0xffffffff max_cycles: 0xffffffff, max_idle_ns: 30580167144 ns
2025-09-01T23:04:57.146923+00:00 ip-172-31-37-199 kernel: APIC: Switch to symmetric I/O mode setup
2025-09-01T23:04:57.146925+00:00 ip-172-31-37-199 kernel: x2apic enabled
2025-09-01T23:04:57.146926+00:00 ip-172-31-37-199 kernel: APIC: Switched APIC routing to: physical x2apic
2025-09-01T23:04:57.146926+00:00 ip-172-31-37-199 kernel: ..TIMER: vector=0x30 apic1=0 pin1=2 apic2=0 pin2=0
2025-09-01T23:04:57.146927+00:00 ip-172-31-37-199 kernel: clocksource: tsc-early: mask: 0xffffffffffffffff max_cycles: 0x212733415c7, max_idle_ns: 440795236380 ns
2025-09-01T23:04:57.146928+00:00 ip-172-31-37-199 kernel: Calibrating delay loop (skipped), value calculated using timer frequency.. 4599.99 BogoMIPS (lpj=2299998)
2025-09-01T23:04:57.146929+00:00 ip-172-31-37-199 kernel: Last level iTLB entries: 4KB 64, 2MB 8, 4MB 8
2025-09-01T23:04:57.146931+00:00 ip-172-31-37-199 kernel: Last level dTLB entries: 4KB 64, 2MB 32, 4MB 32, 1GB 4
2025-09-01T23:04:57.146932+00:00 ip-172-31-37-199 kernel: Spectre V1 : Mitigation: usercopy/swapgs barriers and __user pointer sanitization
2025-09-01T23:04:57.146932+00:00 ip-172-31-37-199 kernel: Spectre V2 : Mitigation: Retpolines
2025-09-01T23:04:57.146933+00:00 ip-172-31-37-199 kernel: Spectre V2 : Spectre v2 / SpectreRSB: Filling RSB on context switch and VMEXIT
2025-09-01T23:04:57.146934+00:00 ip-172-31-37-199 kernel: Speculative Store Bypass: Vulnerable
2025-09-01T23:04:57.146934+00:00 ip-172-31-37-199 kernel: MDS: Vulnerable: Clear CPU buffers attempted, no microcode
2025-09-01T23:04:57.146935+00:00 ip-172-31-37-199 kernel: MMIO Stale Data: Vulnerable: Clear CPU buffers attempted, no microcode
2025-09-01T23:04:57.146938+00:00 ip-172-31-37-199 kernel: ITS: Mitigation: Aligned branch/return thunks
2025-09-01T23:04:57.146938+00:00 ip-172-31-37-199 kernel: x86/fpu: Supporting XSAVE feature 0x001: 'x87 floating point registers'
2025-09-01T23:04:57.146939+00:00 ip-172-31-37-199 kernel: x86/fpu: Supporting XSAVE feature 0x002: 'SSE registers'
2025-09-01T23:04:57.146940+00:00 ip-172-31-37-199 kernel: x86/fpu: Supporting XSAVE feature 0x004: 'AVX registers'
2025-09-01T23:04:57.146941+00:00 ip-172-31-37-199 kernel: x86/fpu: xstate_offset[2]:  576, xstate_sizes[2]:  256
2025-09-01T23:04:57.146941+00:00 ip-172-31-37-199 kernel: x86/fpu: Enabled xstate features 0x7, context size is 832 bytes, using 'standard' format.
2025-09-01T23:04:57.146944+00:00 ip-172-31-37-199 kernel: pid_max: default: 32768 minimum: 301
2025-09-01T23:04:57.146944+00:00 ip-172-31-37-199 kernel: LSM: initializing lsm=lockdown,capability,landlock,yama,apparmor,ima,evm
2025-09-01T23:04:57.146947+00:00 ip-172-31-37-199 kernel: landlock: Up and running.
2025-09-01T23:04:57.146948+00:00 ip-172-31-37-199 kernel: Yama: becoming mindful.
2025-09-01T23:04:57.146948+00:00 ip-172-31-37-199 kernel: AppArmor: AppArmor initialized
2025-09-01T23:04:57.146949+00:00 ip-172-31-37-199 kernel: Mount-cache hash table entries: 2048 (order: 2, 16384 bytes, linear)
2025-09-01T23:04:57.146950+00:00 ip-172-31-37-199 kernel: Mountpoint-cache hash table entries: 2048 (order: 2, 16384 bytes, linear)
2025-09-01T23:04:57.146952+00:00 ip-172-31-37-199 kernel: clocksource: xen: mask: 0xffffffffffffffff max_cycles: 0x1cd42e4dffb, max_idle_ns: 881590591483 ns
2025-09-01T23:04:57.146953+00:00 ip-172-31-37-199 kernel: Xen: using vcpuop timer interface
2025-09-01T23:04:57.146954+00:00 ip-172-31-37-199 kernel: installing Xen timer for CPU 0
2025-09-01T23:04:57.146954+00:00 ip-172-31-37-199 kernel: smpboot: CPU0: Intel(R) Xeon(R) CPU E5-2686 v4 @ 2.30GHz (family: 0x6, model: 0x4f, stepping: 0x1)
2025-09-01T23:04:57.146955+00:00 ip-172-31-37-199 kernel: cpu 0 spinlock event irq 53
2025-09-01T23:04:57.146956+00:00 ip-172-31-37-199 kernel: Performance Events: unsupported p6 CPU model 79 no PMU driver, software events only.
2025-09-01T23:04:57.146958+00:00 ip-172-31-37-199 kernel: signal: max sigframe size: 1776
2025-09-01T23:04:57.146959+00:00 ip-172-31-37-199 kernel: rcu: Hierarchical SRCU implementation.
2025-09-01T23:04:57.146959+00:00 ip-172-31-37-199 kernel: rcu: 	Max phase no-delay instances is 400.
2025-09-01T23:04:57.146960+00:00 ip-172-31-37-199 kernel: Timer migration: 2 hierarchy levels; 8 children per group; 2 crossnode level
2025-09-01T23:04:57.146961+00:00 ip-172-31-37-199 kernel: NMI watchdog: Perf NMI watchdog permanently disabled
2025-09-01T23:04:57.146961+00:00 ip-172-31-37-199 kernel: smp: Bringing up secondary CPUs ...
2025-09-01T23:04:57.146964+00:00 ip-172-31-37-199 kernel: smp: Brought up 1 node, 1 CPU
2025-09-01T23:04:57.146964+00:00 ip-172-31-37-199 kernel: smpboot: Total of 1 processors activated (4599.99 BogoMIPS)
2025-09-01T23:04:57.146965+00:00 ip-172-31-37-199 kernel: Memory: 950868K/1048180K available (21443K kernel code, 4583K rwdata, 15116K rodata, 5248K init, 4312K bss, 90456K reserved, 0K cma-reserved)
2025-09-01T23:04:57.146966+00:00 ip-172-31-37-199 kernel: devtmpfs: initialized
2025-09-01T23:04:57.146967+00:00 ip-172-31-37-199 kernel: x86/mm: Memory block size: 128MB
2025-09-01T23:04:57.146967+00:00 ip-172-31-37-199 kernel: clocksource: jiffies: mask: 0xffffffff max_cycles: 0xffffffff, max_idle_ns: 1911260446275000 ns
2025-09-01T23:04:57.146968+00:00 ip-172-31-37-199 kernel: futex hash table entries: 4096 (order: 6, 262144 bytes, linear)
2025-09-01T23:04:57.146970+00:00 ip-172-31-37-199 kernel: pinctrl core: initialized pinctrl subsystem
2025-09-01T23:04:57.146971+00:00 ip-172-31-37-199 kernel: PM: RTC time: 23:04:43, date: 2025-09-01
2025-09-01T23:04:57.146972+00:00 ip-172-31-37-199 kernel: NET: Registered PF_NETLINK/PF_ROUTE protocol family
2025-09-01T23:04:57.146973+00:00 ip-172-31-37-199 kernel: DMA: preallocated 128 KiB GFP_KERNEL pool for atomic allocations
2025-09-01T23:04:57.146973+00:00 ip-172-31-37-199 kernel: DMA: preallocated 128 KiB GFP_KERNEL|GFP_DMA pool for atomic allocations
2025-09-01T23:04:57.146974+00:00 ip-172-31-37-199 kernel: DMA: preallocated 128 KiB GFP_KERNEL|GFP_DMA32 pool for atomic allocations
2025-09-01T23:04:57.146976+00:00 ip-172-31-37-199 kernel: audit: initializing netlink subsys (disabled)
2025-09-01T23:04:57.146977+00:00 ip-172-31-37-199 kernel: thermal_sys: Registered thermal governor 'fair_share'
2025-09-01T23:04:57.146978+00:00 ip-172-31-37-199 kernel: thermal_sys: Registered thermal governor 'bang_bang'
2025-09-01T23:04:57.146979+00:00 ip-172-31-37-199 kernel: thermal_sys: Registered thermal governor 'step_wise'
2025-09-01T23:04:57.146979+00:00 ip-172-31-37-199 kernel: thermal_sys: Registered thermal governor 'user_space'
2025-09-01T23:04:57.146980+00:00 ip-172-31-37-199 kernel: thermal_sys: Registered thermal governor 'power_allocator'
2025-09-01T23:04:57.146982+00:00 ip-172-31-37-199 kernel: audit: type=2000 audit(1756767884.407:1): state=initialized audit_enabled=0 res=1
2025-09-01T23:04:57.146983+00:00 ip-172-31-37-199 kernel: cpuidle: using governor ladder
2025-09-01T23:04:57.146984+00:00 ip-172-31-37-199 kernel: cpuidle: using governor menu
2025-09-01T23:04:57.146984+00:00 ip-172-31-37-199 kernel: acpiphp: ACPI Hot Plug PCI Controller Driver version: 0.5
2025-09-01T23:04:57.146985+00:00 ip-172-31-37-199 kernel: PCI: Using configuration type 1 for base access
2025-09-01T23:04:57.146986+00:00 ip-172-31-37-199 kernel: kprobes: kprobe jump-optimization is enabled. All kprobes are optimized if possible.
2025-09-01T23:04:57.146987+00:00 ip-172-31-37-199 kernel: HugeTLB: registered 2.00 MiB page size, pre-allocated 0 pages
2025-09-01T23:04:57.146989+00:00 ip-172-31-37-199 kernel: HugeTLB: 28 KiB vmemmap can be freed for a 2.00 MiB page
2025-09-01T23:04:57.146990+00:00 ip-172-31-37-199 kernel: ACPI: Added _OSI(Module Device)
2025-09-01T23:04:57.146990+00:00 ip-172-31-37-199 kernel: ACPI: Added _OSI(Processor Device)
2025-09-01T23:04:57.146991+00:00 ip-172-31-37-199 kernel: ACPI: Added _OSI(3.0 _SCP Extensions)
2025-09-01T23:04:57.146992+00:00 ip-172-31-37-199 kernel: ACPI: Added _OSI(Processor Aggregator Device)
2025-09-01T23:04:57.146992+00:00 ip-172-31-37-199 kernel: ACPI: 3 ACPI AML tables successfully acquired and loaded
2025-09-01T23:04:57.146998+00:00 ip-172-31-37-199 kernel: xen: --> pirq=16 -> irq=9 (gsi=9)
2025-09-01T23:04:57.146999+00:00 ip-172-31-37-199 kernel: ACPI: Interpreter enabled
2025-09-01T23:04:57.147000+00:00 ip-172-31-37-199 kernel: ACPI: PM: (supports S0 S4 S5)
2025-09-01T23:04:57.147000+00:00 ip-172-31-37-199 kernel: ACPI: Using IOAPIC for interrupt routing
2025-09-01T23:04:57.147001+00:00 ip-172-31-37-199 kernel: PCI: Using host bridge windows from ACPI; if necessary, use "pci=nocrs" and report a bug
2025-09-01T23:04:57.147002+00:00 ip-172-31-37-199 kernel: PCI: Using E820 reservations for host bridge windows
2025-09-01T23:04:57.147002+00:00 ip-172-31-37-199 kernel: ACPI: Enabled 2 GPEs in block 00 to 0F
2025-09-01T23:04:57.147007+00:00 ip-172-31-37-199 kernel: ACPI: PCI Root Bridge [PCI0] (domain 0000 [bus 00-ff])
2025-09-01T23:04:57.147008+00:00 ip-172-31-37-199 kernel: acpi PNP0A03:00: _OSC: OS supports [ASPM ClockPM Segments MSI EDR HPX-Type3]
2025-09-01T23:04:57.147009+00:00 ip-172-31-37-199 kernel: acpi PNP0A03:00: _OSC: not requesting OS control; OS requires [ExtendedConfig ASPM ClockPM MSI]
2025-09-01T23:04:57.147010+00:00 ip-172-31-37-199 kernel: acpi PNP0A03:00: fail to add MMCONFIG information, can't access extended configuration space under this bridge
2025-09-01T23:04:57.147011+00:00 ip-172-31-37-199 kernel: acpiphp: Slot [0] registered
2025-09-01T23:04:57.147011+00:00 ip-172-31-37-199 kernel: acpiphp: Slot [3] registered
2025-09-01T23:04:57.147015+00:00 ip-172-31-37-199 kernel: acpiphp: Slot [4] registered
2025-09-01T23:04:57.147015+00:00 ip-172-31-37-199 kernel: acpiphp: Slot [5] registered
2025-09-01T23:04:57.147016+00:00 ip-172-31-37-199 kernel: acpiphp: Slot [6] registered
2025-09-01T23:04:57.147017+00:00 ip-172-31-37-199 kernel: acpiphp: Slot [7] registered
2025-09-01T23:04:57.147051+00:00 ip-172-31-37-199 kernel: acpiphp: Slot [8] registered
2025-09-01T23:04:57.147052+00:00 ip-172-31-37-199 kernel: acpiphp: Slot [9] registered
2025-09-01T23:04:57.147055+00:00 ip-172-31-37-199 kernel: acpiphp: Slot [10] registered
2025-09-01T23:04:57.147056+00:00 ip-172-31-37-199 kernel: acpiphp: Slot [11] registered
2025-09-01T23:04:57.147057+00:00 ip-172-31-37-199 kernel: acpiphp: Slot [12] registered
2025-09-01T23:04:57.147058+00:00 ip-172-31-37-199 kernel: acpiphp: Slot [13] registered
2025-09-01T23:04:57.147059+00:00 ip-172-31-37-199 kernel: acpiphp: Slot [14] registered
2025-09-01T23:04:57.147059+00:00 ip-172-31-37-199 kernel: acpiphp: Slot [15] registered
2025-09-01T23:04:57.147060+00:00 ip-172-31-37-199 kernel: acpiphp: Slot [16] registered
2025-09-01T23:04:57.147077+00:00 ip-172-31-37-199 kernel: acpiphp: Slot [17] registered
2025-09-01T23:04:57.147077+00:00 ip-172-31-37-199 kernel: acpiphp: Slot [18] registered
2025-09-01T23:04:57.147078+00:00 ip-172-31-37-199 kernel: acpiphp: Slot [19] registered
2025-09-01T23:04:57.147079+00:00 ip-172-31-37-199 kernel: acpiphp: Slot [20] registered
2025-09-01T23:04:57.147080+00:00 ip-172-31-37-199 kernel: acpiphp: Slot [21] registered
2025-09-01T23:04:57.147080+00:00 ip-172-31-37-199 kernel: acpiphp: Slot [22] registered
2025-09-01T23:04:57.147084+00:00 ip-172-31-37-199 kernel: acpiphp: Slot [23] registered
2025-09-01T23:04:57.147084+00:00 ip-172-31-37-199 kernel: acpiphp: Slot [24] registered
2025-09-01T23:04:57.147085+00:00 ip-172-31-37-199 kernel: acpiphp: Slot [25] registered
2025-09-01T23:04:57.147086+00:00 ip-172-31-37-199 kernel: acpiphp: Slot [26] registered
2025-09-01T23:04:57.147087+00:00 ip-172-31-37-199 kernel: acpiphp: Slot [27] registered
2025-09-01T23:04:57.147087+00:00 ip-172-31-37-199 kernel: acpiphp: Slot [28] registered
2025-09-01T23:04:57.147091+00:00 ip-172-31-37-199 kernel: acpiphp: Slot [29] registered
2025-09-01T23:04:57.147091+00:00 ip-172-31-37-199 kernel: acpiphp: Slot [30] registered
2025-09-01T23:04:57.147092+00:00 ip-172-31-37-199 kernel: acpiphp: Slot [31] registered
2025-09-01T23:04:57.147093+00:00 ip-172-31-37-199 kernel: PCI host bridge to bus 0000:00
2025-09-01T23:04:57.147094+00:00 ip-172-31-37-199 kernel: pci_bus 0000:00: root bus resource [io  0x0000-0x0cf7 window]
2025-09-01T23:04:57.147095+00:00 ip-172-31-37-199 kernel: pci_bus 0000:00: root bus resource [io  0x0d00-0xffff window]
2025-09-01T23:04:57.147095+00:00 ip-172-31-37-199 kernel: pci_bus 0000:00: root bus resource [mem 0x000a0000-0x000bffff window]
2025-09-01T23:04:57.147098+00:00 ip-172-31-37-199 kernel: pci_bus 0000:00: root bus resource [mem 0x40000000-0xffffffff window]
2025-09-01T23:04:57.147099+00:00 ip-172-31-37-199 kernel: pci_bus 0000:00: root bus resource [bus 00-ff]
2025-09-01T23:04:57.147100+00:00 ip-172-31-37-199 kernel: pci 0000:00:00.0: [8086:1237] type 00 class 0x060000 conventional PCI endpoint
2025-09-01T23:04:57.147101+00:00 ip-172-31-37-199 kernel: pci 0000:00:01.0: [8086:7000] type 00 class 0x060100 conventional PCI endpoint
2025-09-01T23:04:57.147102+00:00 ip-172-31-37-199 kernel: pci 0000:00:01.1: [8086:7010] type 00 class 0x010180 conventional PCI endpoint
2025-09-01T23:04:57.147102+00:00 ip-172-31-37-199 kernel: pci 0000:00:01.1: BAR 4 [io  0xc000-0xc00f]
2025-09-01T23:04:57.147106+00:00 ip-172-31-37-199 kernel: pci 0000:00:01.1: BAR 0 [io  0x01f0-0x01f7]: legacy IDE quirk
2025-09-01T23:04:57.147107+00:00 ip-172-31-37-199 kernel: pci 0000:00:01.1: BAR 1 [io  0x03f6]: legacy IDE quirk
2025-09-01T23:04:57.147107+00:00 ip-172-31-37-199 kernel: pci 0000:00:01.1: BAR 2 [io  0x0170-0x0177]: legacy IDE quirk
2025-09-01T23:04:57.147108+00:00 ip-172-31-37-199 kernel: pci 0000:00:01.1: BAR 3 [io  0x0376]: legacy IDE quirk
2025-09-01T23:04:57.147109+00:00 ip-172-31-37-199 kernel: * Found PM-Timer Bug on the chipset. Due to workarounds for a bug,
2025-09-01T23:04:57.147110+00:00 ip-172-31-37-199 kernel: * this clock source is slow. Consider trying other clock sources
2025-09-01T23:04:57.147110+00:00 ip-172-31-37-199 kernel: pci 0000:00:01.3: [8086:7113] type 00 class 0x068000 conventional PCI endpoint
2025-09-01T23:04:57.147114+00:00 ip-172-31-37-199 kernel: pci 0000:00:01.3: quirk: [io  0xb000-0xb03f] claimed by PIIX4 ACPI
2025-09-01T23:04:57.147114+00:00 ip-172-31-37-199 kernel: pci 0000:00:02.0: [1013:00b8] type 00 class 0x030000 conventional PCI endpoint
2025-09-01T23:04:57.147115+00:00 ip-172-31-37-199 kernel: pci 0000:00:02.0: BAR 0 [mem 0xf8000000-0xf9ffffff pref]
2025-09-01T23:04:57.147116+00:00 ip-172-31-37-199 kernel: pci 0000:00:02.0: BAR 1 [mem 0xfbfff000-0xfbffffff]
2025-09-01T23:04:57.147117+00:00 ip-172-31-37-199 kernel: pci 0000:00:02.0: Video device with shadowed ROM at [mem 0x000c0000-0x000dffff]
2025-09-01T23:04:57.147117+00:00 ip-172-31-37-199 kernel: pci 0000:00:03.0: [5853:0001] type 00 class 0xff8000 conventional PCI endpoint
2025-09-01T23:04:57.147120+00:00 ip-172-31-37-199 kernel: pci 0000:00:03.0: BAR 0 [io  0xc100-0xc1ff]
2025-09-01T23:04:57.147121+00:00 ip-172-31-37-199 kernel: pci 0000:00:03.0: BAR 1 [mem 0xfa000000-0xfaffffff pref]
2025-09-01T23:04:57.147122+00:00 ip-172-31-37-199 kernel: ACPI: PCI: Interrupt link LNKA configured for IRQ 5
2025-09-01T23:04:57.147123+00:00 ip-172-31-37-199 kernel: ACPI: PCI: Interrupt link LNKB configured for IRQ 10
2025-09-01T23:04:57.147124+00:00 ip-172-31-37-199 kernel: ACPI: PCI: Interrupt link LNKC configured for IRQ 11
2025-09-01T23:04:57.147124+00:00 ip-172-31-37-199 kernel: ACPI: PCI: Interrupt link LNKD configured for IRQ 5
2025-09-01T23:04:57.147127+00:00 ip-172-31-37-199 kernel: xen:balloon: Initialising balloon driver
2025-09-01T23:04:57.147128+00:00 ip-172-31-37-199 kernel: iommu: Default domain type: Translated
2025-09-01T23:04:57.147129+00:00 ip-172-31-37-199 kernel: iommu: DMA domain TLB invalidation policy: lazy mode
2025-09-01T23:04:57.147130+00:00 ip-172-31-37-199 kernel: SCSI subsystem initialized
2025-09-01T23:04:57.147131+00:00 ip-172-31-37-199 kernel: libata version 3.00 loaded.
2025-09-01T23:04:57.147131+00:00 ip-172-31-37-199 kernel: ACPI: bus type USB registered
2025-09-01T23:04:57.147132+00:00 ip-172-31-37-199 kernel: usbcore: registered new interface driver usbfs
2025-09-01T23:04:57.147135+00:00 ip-172-31-37-199 kernel: usbcore: registered new interface driver hub
2025-09-01T23:04:57.147136+00:00 ip-172-31-37-199 kernel: usbcore: registered new device driver usb
2025-09-01T23:04:57.147137+00:00 ip-172-31-37-199 kernel: pps_core: LinuxPPS API ver. 1 registered
2025-09-01T23:04:57.147138+00:00 ip-172-31-37-199 kernel: pps_core: Software ver. 5.3.6 - Copyright 2005-2007 Rodolfo Giometti <giometti@linux.it>
2025-09-01T23:04:57.147138+00:00 ip-172-31-37-199 kernel: PTP clock support registered
2025-09-01T23:04:57.147139+00:00 ip-172-31-37-199 kernel: EDAC MC: Ver: 3.0.0
2025-09-01T23:04:57.147142+00:00 ip-172-31-37-199 kernel: NetLabel: Initializing
2025-09-01T23:04:57.147143+00:00 ip-172-31-37-199 kernel: NetLabel:  domain hash size = 128
2025-09-01T23:04:57.147144+00:00 ip-172-31-37-199 kernel: NetLabel:  protocols = UNLABELED CIPSOv4 CALIPSO
2025-09-01T23:04:57.147144+00:00 ip-172-31-37-199 kernel: NetLabel:  unlabeled traffic allowed by default
2025-09-01T23:04:57.147145+00:00 ip-172-31-37-199 kernel: mctp: management component transport protocol core
2025-09-01T23:04:57.147146+00:00 ip-172-31-37-199 kernel: NET: Registered PF_MCTP protocol family
2025-09-01T23:04:57.147147+00:00 ip-172-31-37-199 kernel: PCI: Using ACPI for IRQ routing
2025-09-01T23:04:57.147150+00:00 ip-172-31-37-199 kernel: PCI: pci_cache_line_size set to 64 bytes
2025-09-01T23:04:57.147150+00:00 ip-172-31-37-199 kernel: e820: reserve RAM buffer [mem 0x0009e000-0x0009ffff]
2025-09-01T23:04:57.147151+00:00 ip-172-31-37-199 kernel: pci 0000:00:02.0: vgaarb: setting as boot VGA device
2025-09-01T23:04:57.147152+00:00 ip-172-31-37-199 kernel: pci 0000:00:02.0: vgaarb: bridge control possible
2025-09-01T23:04:57.147153+00:00 ip-172-31-37-199 kernel: pci 0000:00:02.0: vgaarb: VGA device added: decodes=io+mem,owns=io+mem,locks=none
2025-09-01T23:04:57.147153+00:00 ip-172-31-37-199 kernel: vgaarb: loaded
2025-09-01T23:04:57.147157+00:00 ip-172-31-37-199 kernel: hpet: 3 channels of 0 reserved for per-cpu timers
2025-09-01T23:04:57.147157+00:00 ip-172-31-37-199 kernel: hpet0: at MMIO 0xfed00000, IRQs 2, 8, 0
2025-09-01T23:04:57.147158+00:00 ip-172-31-37-199 kernel: hpet0: 3 comparators, 64-bit 62.500000 MHz counter
2025-09-01T23:04:57.147159+00:00 ip-172-31-37-199 kernel: clocksource: Switched to clocksource xen
2025-09-01T23:04:57.147160+00:00 ip-172-31-37-199 kernel: VFS: Disk quotas dquot_6.6.0
2025-09-01T23:04:57.147160+00:00 ip-172-31-37-199 kernel: VFS: Dquot-cache hash table entries: 512 (order 0, 4096 bytes)
2025-09-01T23:04:57.147163+00:00 ip-172-31-37-199 kernel: AppArmor: AppArmor Filesystem Enabled
2025-09-01T23:04:57.147164+00:00 ip-172-31-37-199 kernel: pnp: PnP ACPI init
2025-09-01T23:04:57.147165+00:00 ip-172-31-37-199 kernel: system 00:00: [mem 0x00000000-0x0009ffff] could not be reserved
2025-09-01T23:04:57.147166+00:00 ip-172-31-37-199 kernel: system 00:01: [io  0x08a0-0x08a3] has been reserved
2025-09-01T23:04:57.147166+00:00 ip-172-31-37-199 kernel: system 00:01: [io  0x0cc0-0x0ccf] has been reserved
2025-09-01T23:04:57.147167+00:00 ip-172-31-37-199 kernel: system 00:01: [io  0x04d0-0x04d1] has been reserved
2025-09-01T23:04:57.147168+00:00 ip-172-31-37-199 kernel: xen: --> pirq=17 -> irq=8 (gsi=8)
2025-09-01T23:04:57.147171+00:00 ip-172-31-37-199 kernel: xen: --> pirq=18 -> irq=12 (gsi=12)
2025-09-01T23:04:57.147172+00:00 ip-172-31-37-199 kernel: xen: --> pirq=19 -> irq=1 (gsi=1)
2025-09-01T23:04:57.147173+00:00 ip-172-31-37-199 kernel: xen: --> pirq=20 -> irq=6 (gsi=6)
2025-09-01T23:04:57.147174+00:00 ip-172-31-37-199 kernel: pnp 00:05: [dma 2]
2025-09-01T23:04:57.147174+00:00 ip-172-31-37-199 kernel: xen: --> pirq=21 -> irq=4 (gsi=4)
2025-09-01T23:04:57.147175+00:00 ip-172-31-37-199 kernel: system 00:07: [io  0x10c0-0x1141] has been reserved
2025-09-01T23:04:57.147178+00:00 ip-172-31-37-199 kernel: system 00:07: [io  0xb044-0xb047] has been reserved
2025-09-01T23:04:57.147179+00:00 ip-172-31-37-199 kernel: pnp: PnP ACPI: found 8 devices
2025-09-01T23:04:57.147180+00:00 ip-172-31-37-199 kernel: clocksource: acpi_pm: mask: 0xffffff max_cycles: 0xffffff, max_idle_ns: 2085701024 ns
2025-09-01T23:04:57.147181+00:00 ip-172-31-37-199 kernel: NET: Registered PF_INET protocol family
2025-09-01T23:04:57.147181+00:00 ip-172-31-37-199 kernel: IP idents hash table entries: 16384 (order: 5, 131072 bytes, linear)
2025-09-01T23:04:57.147182+00:00 ip-172-31-37-199 kernel: tcp_listen_portaddr_hash hash table entries: 512 (order: 1, 8192 bytes, linear)
2025-09-01T23:04:57.147183+00:00 ip-172-31-37-199 kernel: Table-perturb hash table entries: 65536 (order: 6, 262144 bytes, linear)
2025-09-01T23:04:57.147186+00:00 ip-172-31-37-199 kernel: TCP established hash table entries: 8192 (order: 4, 65536 bytes, linear)
2025-09-01T23:04:57.147187+00:00 ip-172-31-37-199 kernel: TCP bind hash table entries: 8192 (order: 6, 262144 bytes, linear)
2025-09-01T23:04:57.147188+00:00 ip-172-31-37-199 kernel: TCP: Hash tables configured (established 8192 bind 8192)
2025-09-01T23:04:57.147188+00:00 ip-172-31-37-199 kernel: MPTCP token hash table entries: 1024 (order: 2, 24576 bytes, linear)
2025-09-01T23:04:57.147189+00:00 ip-172-31-37-199 kernel: UDP hash table entries: 512 (order: 3, 32768 bytes, linear)
2025-09-01T23:04:57.147190+00:00 ip-172-31-37-199 kernel: UDP-Lite hash table entries: 512 (order: 3, 32768 bytes, linear)
2025-09-01T23:04:57.147193+00:00 ip-172-31-37-199 kernel: NET: Registered PF_UNIX/PF_LOCAL protocol family
2025-09-01T23:04:57.147194+00:00 ip-172-31-37-199 kernel: NET: Registered PF_XDP protocol family
2025-09-01T23:04:57.147195+00:00 ip-172-31-37-199 kernel: pci_bus 0000:00: resource 4 [io  0x0000-0x0cf7 window]
2025-09-01T23:04:57.147195+00:00 ip-172-31-37-199 kernel: pci_bus 0000:00: resource 5 [io  0x0d00-0xffff window]
2025-09-01T23:04:57.147196+00:00 ip-172-31-37-199 kernel: pci_bus 0000:00: resource 6 [mem 0x000a0000-0x000bffff window]
2025-09-01T23:04:57.147197+00:00 ip-172-31-37-199 kernel: pci_bus 0000:00: resource 7 [mem 0x40000000-0xffffffff window]
2025-09-01T23:04:57.147207+00:00 ip-172-31-37-199 kernel: pci 0000:00:01.0: PIIX3: Enabling Passive Release
2025-09-01T23:04:57.147208+00:00 ip-172-31-37-199 kernel: pci 0000:00:00.0: Limiting direct PCI/PCI transfers
2025-09-01T23:04:57.147208+00:00 ip-172-31-37-199 kernel: PCI: CLS 0 bytes, default 64
2025-09-01T23:04:57.147209+00:00 ip-172-31-37-199 kernel: Trying to unpack rootfs image as initramfs...
2025-09-01T23:04:57.147210+00:00 ip-172-31-37-199 kernel: clocksource: tsc: mask: 0xffffffffffffffff max_cycles: 0x212733415c7, max_idle_ns: 440795236380 ns
2025-09-01T23:04:57.147210+00:00 ip-172-31-37-199 kernel: Freeing initrd memory: 12964K
2025-09-01T23:04:57.147245+00:00 ip-172-31-37-199 kernel: Initialise system trusted keyrings
2025-09-01T23:04:57.147249+00:00 ip-172-31-37-199 kernel: Key type blacklist registered
2025-09-01T23:04:57.147250+00:00 ip-172-31-37-199 kernel: workingset: timestamp_bits=36 max_order=18 bucket_order=0
2025-09-01T23:04:57.147250+00:00 ip-172-31-37-199 kernel: zbud: loaded
2025-09-01T23:04:57.147251+00:00 ip-172-31-37-199 kernel: squashfs: version 4.0 (2009/01/31) Phillip Lougher
2025-09-01T23:04:57.147252+00:00 ip-172-31-37-199 kernel: fuse: init (API version 7.42)
2025-09-01T23:04:57.147252+00:00 ip-172-31-37-199 kernel: integrity: Platform Keyring initialized
2025-09-01T23:04:57.147256+00:00 ip-172-31-37-199 kernel: integrity: Machine keyring initialized
2025-09-01T23:04:57.147256+00:00 ip-172-31-37-199 kernel: Key type asymmetric registered
2025-09-01T23:04:57.147257+00:00 ip-172-31-37-199 kernel: Asymmetric key parser 'x509' registered
2025-09-01T23:04:57.147258+00:00 ip-172-31-37-199 kernel: Block layer SCSI generic (bsg) driver version 0.4 loaded (major 243)
2025-09-01T23:04:57.147259+00:00 ip-172-31-37-199 kernel: io scheduler mq-deadline registered
2025-09-01T23:04:57.147259+00:00 ip-172-31-37-199 kernel: ledtrig-cpu: registered to indicate activity on CPUs
2025-09-01T23:04:57.147260+00:00 ip-172-31-37-199 kernel: shpchp: Standard Hot Plug PCI Controller Driver version: 0.4
2025-09-01T23:04:57.147263+00:00 ip-172-31-37-199 kernel: input: Power Button as /devices/LNXSYSTM:00/LNXPWRBN:00/input/input0
2025-09-01T23:04:57.147264+00:00 ip-172-31-37-199 kernel: ACPI: button: Power Button [PWRF]
2025-09-01T23:04:57.147265+00:00 ip-172-31-37-199 kernel: input: Sleep Button as /devices/LNXSYSTM:00/LNXSLPBN:00/input/input1
2025-09-01T23:04:57.147266+00:00 ip-172-31-37-199 kernel: ACPI: button: Sleep Button [SLPF]
2025-09-01T23:04:57.147266+00:00 ip-172-31-37-199 kernel: xen: --> pirq=22 -> irq=28 (gsi=28)
2025-09-01T23:04:57.147267+00:00 ip-172-31-37-199 kernel: xen:grant_table: Grant tables using version 1 layout
2025-09-01T23:04:57.147270+00:00 ip-172-31-37-199 kernel: Grant table initialized
2025-09-01T23:04:57.147271+00:00 ip-172-31-37-199 kernel: Cannot get hvm parameter CONSOLE_EVTCHN (18): -22!
2025-09-01T23:04:57.147272+00:00 ip-172-31-37-199 kernel: Serial: 8250/16550 driver, 4 ports, IRQ sharing enabled
2025-09-01T23:04:57.147273+00:00 ip-172-31-37-199 kernel: 00:06: ttyS0 at I/O 0x3f8 (irq = 4, base_baud = 115200) is a 16550A
2025-09-01T23:04:57.147273+00:00 ip-172-31-37-199 kernel: Linux agpgart interface v0.103
2025-09-01T23:04:57.147274+00:00 ip-172-31-37-199 kernel: loop: module loaded
2025-09-01T23:04:57.147277+00:00 ip-172-31-37-199 kernel: Invalid max_queues (4), will use default max: 1.
2025-09-01T23:04:57.147278+00:00 ip-172-31-37-199 kernel: Key type psk registered
2025-09-01T23:04:57.147279+00:00 ip-172-31-37-199 kernel: ata_piix 0000:00:01.1: version 2.13
2025-09-01T23:04:57.147280+00:00 ip-172-31-37-199 kernel: blkfront: xvda: barrier or flush: disabled; persistent grants: disabled; indirect descriptors: enabled; bounce buffer: disabled;
2025-09-01T23:04:57.147280+00:00 ip-172-31-37-199 kernel: scsi host0: ata_piix
2025-09-01T23:04:57.147281+00:00 ip-172-31-37-199 kernel: scsi host1: ata_piix
2025-09-01T23:04:57.147282+00:00 ip-172-31-37-199 kernel: ata1: PATA max MWDMA2 cmd 0x1f0 ctl 0x3f6 bmdma 0xc000 irq 14 lpm-pol 0
2025-09-01T23:04:57.147285+00:00 ip-172-31-37-199 kernel: ata2: PATA max MWDMA2 cmd 0x170 ctl 0x376 bmdma 0xc008 irq 15 lpm-pol 0
2025-09-01T23:04:57.147302+00:00 ip-172-31-37-199 kernel: ACPI: bus type drm_connector registered
2025-09-01T23:04:57.147303+00:00 ip-172-31-37-199 kernel: tun: Universal TUN/TAP device driver, 1.6
2025-09-01T23:04:57.147304+00:00 ip-172-31-37-199 kernel: PPP generic driver version 2.4.2
2025-09-01T23:04:57.147304+00:00 ip-172-31-37-199 kernel: xen_netfront: Initialising Xen virtual ethernet driver
2025-09-01T23:04:57.147305+00:00 ip-172-31-37-199 kernel: i8042: PNP: PS/2 Controller [PNP0303:PS2K,PNP0f13:PS2M] at 0x60,0x64 irq 1,12
2025-09-01T23:04:57.147309+00:00 ip-172-31-37-199 kernel: i8042: Warning: Keylock active
2025-09-01T23:04:57.147310+00:00 ip-172-31-37-199 kernel: serio: i8042 KBD port at 0x60,0x64 irq 1
2025-09-01T23:04:57.147310+00:00 ip-172-31-37-199 kernel: serio: i8042 AUX port at 0x60,0x64 irq 12
2025-09-01T23:04:57.147311+00:00 ip-172-31-37-199 kernel: mousedev: PS/2 mouse device common for all mice
2025-09-01T23:04:57.147312+00:00 ip-172-31-37-199 kernel:  xvda: xvda1 xvda14 xvda15 xvda16
2025-09-01T23:04:57.147312+00:00 ip-172-31-37-199 kernel: rtc_cmos 00:02: registered as rtc0
2025-09-01T23:04:57.147316+00:00 ip-172-31-37-199 kernel: rtc_cmos 00:02: setting system clock to 2025-09-01T23:04:44 UTC (1756767884)
2025-09-01T23:04:57.147316+00:00 ip-172-31-37-199 kernel: rtc_cmos 00:02: alarms up to one day, 114 bytes nvram, hpet irqs
2025-09-01T23:04:57.147317+00:00 ip-172-31-37-199 kernel: i2c_dev: i2c /dev entries driver
2025-09-01T23:04:57.147318+00:00 ip-172-31-37-199 kernel: device-mapper: core: CONFIG_IMA_DISABLE_HTABLE is disabled. Duplicate IMA measurements will not be recorded in the IMA log.
2025-09-01T23:04:57.147319+00:00 ip-172-31-37-199 kernel: device-mapper: uevent: version 1.0.3
2025-09-01T23:04:57.147319+00:00 ip-172-31-37-199 kernel: device-mapper: ioctl: 4.49.0-ioctl (2025-01-17) initialised: dm-devel@lists.linux.dev
2025-09-01T23:04:57.147321+00:00 ip-172-31-37-199 kernel: intel_pstate: CPU model not supported
2025-09-01T23:04:57.147324+00:00 ip-172-31-37-199 kernel: drop_monitor: Initializing network drop monitor service
2025-09-01T23:04:57.147325+00:00 ip-172-31-37-199 kernel: NET: Registered PF_INET6 protocol family
2025-09-01T23:04:57.147325+00:00 ip-172-31-37-199 kernel: Segment Routing with IPv6
2025-09-01T23:04:57.147326+00:00 ip-172-31-37-199 kernel: In-situ OAM (IOAM) with IPv6
2025-09-01T23:04:57.147327+00:00 ip-172-31-37-199 kernel: NET: Registered PF_PACKET protocol family
2025-09-01T23:04:57.147327+00:00 ip-172-31-37-199 kernel: Key type dns_resolver registered
2025-09-01T23:04:57.147331+00:00 ip-172-31-37-199 kernel: resctrl: No MBM correction factor available
2025-09-01T23:04:57.147332+00:00 ip-172-31-37-199 kernel: IPI shorthand broadcast: enabled
2025-09-01T23:04:57.147333+00:00 ip-172-31-37-199 kernel: sched_clock: Marking stable (367004030, 275934436)->(1073573116, -430634650)
2025-09-01T23:04:57.147333+00:00 ip-172-31-37-199 kernel: registered taskstats version 1
2025-09-01T23:04:57.147334+00:00 ip-172-31-37-199 kernel: Loading compiled-in X.509 certificates
2025-09-01T23:04:57.147335+00:00 ip-172-31-37-199 kernel: Loaded X.509 cert 'Build time autogenerated kernel key: 0cf8a6b46dcd641ad7b737fe6daf194f26895f62'
2025-09-01T23:04:57.147341+00:00 ip-172-31-37-199 kernel: Loaded X.509 cert 'Canonical Ltd. Live Patch Signing 2025 Kmod: d541cef61dc7e793b7eb7e899970a2eef0b5dc8c'
2025-09-01T23:04:57.147341+00:00 ip-172-31-37-199 kernel: Loaded X.509 cert 'Canonical Ltd. Live Patch Signing: 14df34d1a87cf37625abec039ef2bf521249b969'
2025-09-01T23:04:57.147342+00:00 ip-172-31-37-199 kernel: Loaded X.509 cert 'Canonical Ltd. Kernel Module Signing: 88f752e560a1e0737e31163a466ad7b70a850c19'
2025-09-01T23:04:57.147343+00:00 ip-172-31-37-199 kernel: blacklist: Loading compiled-in revocation X.509 certificates
2025-09-01T23:04:57.147344+00:00 ip-172-31-37-199 kernel: Loaded X.509 cert 'Canonical Ltd. Secure Boot Signing: 61482aa2830d0ab2ad5af10b7250da9033ddcef0'
2025-09-01T23:04:57.147344+00:00 ip-172-31-37-199 kernel: Loaded X.509 cert 'Canonical Ltd. Secure Boot Signing (2017): 242ade75ac4a15e50d50c84b0d45ff3eae707a03'
2025-09-01T23:04:57.147348+00:00 ip-172-31-37-199 kernel: Loaded X.509 cert 'Canonical Ltd. Secure Boot Signing (ESM 2018): 365188c1d374d6b07c3c8f240f8ef722433d6a8b'
2025-09-01T23:04:57.147348+00:00 ip-172-31-37-199 kernel: Loaded X.509 cert 'Canonical Ltd. Secure Boot Signing (2019): c0746fd6c5da3ae827864651ad66ae47fe24b3e8'
2025-09-01T23:04:57.147349+00:00 ip-172-31-37-199 kernel: Loaded X.509 cert 'Canonical Ltd. Secure Boot Signing (2021 v1): a8d54bbb3825cfb94fa13c9f8a594a195c107b8d'
2025-09-01T23:04:57.147350+00:00 ip-172-31-37-199 kernel: Loaded X.509 cert 'Canonical Ltd. Secure Boot Signing (2021 v2): 4cf046892d6fd3c9a5b03f98d845f90851dc6a8c'
2025-09-01T23:04:57.147351+00:00 ip-172-31-37-199 kernel: Loaded X.509 cert 'Canonical Ltd. Secure Boot Signing (2021 v3): 100437bb6de6e469b581e61cd66bce3ef4ed53af'
2025-09-01T23:04:57.147352+00:00 ip-172-31-37-199 kernel: Loaded X.509 cert 'Canonical Ltd. Secure Boot Signing (Ubuntu Core 2019): c1d57b8f6b743f23ee41f4f7ee292f06eecadfb9'
2025-09-01T23:04:57.147355+00:00 ip-172-31-37-199 kernel: Demotion targets for Node 0: null
2025-09-01T23:04:57.147370+00:00 ip-172-31-37-199 kernel: Key type .fscrypt registered
2025-09-01T23:04:57.147371+00:00 ip-172-31-37-199 kernel: Key type fscrypt-provisioning registered
2025-09-01T23:04:57.147371+00:00 ip-172-31-37-199 kernel: Key type encrypted registered
2025-09-01T23:04:57.147372+00:00 ip-172-31-37-199 kernel: AppArmor: AppArmor sha256 policy hashing enabled
2025-09-01T23:04:57.147373+00:00 ip-172-31-37-199 kernel: ima: No TPM chip found, activating TPM-bypass!
2025-09-01T23:04:57.147376+00:00 ip-172-31-37-199 kernel: Loading compiled-in module X.509 certificates
2025-09-01T23:04:57.147377+00:00 ip-172-31-37-199 kernel: Loaded X.509 cert 'Build time autogenerated kernel key: 0cf8a6b46dcd641ad7b737fe6daf194f26895f62'
2025-09-01T23:04:57.147378+00:00 ip-172-31-37-199 kernel: ima: Allocated hash algorithm: sha256
2025-09-01T23:04:57.147379+00:00 ip-172-31-37-199 kernel: ima: No architecture policies found
2025-09-01T23:04:57.147379+00:00 ip-172-31-37-199 kernel: evm: Initialising EVM extended attributes:
2025-09-01T23:04:57.147380+00:00 ip-172-31-37-199 kernel: evm: security.selinux
2025-09-01T23:04:57.147383+00:00 ip-172-31-37-199 kernel: evm: security.SMACK64
2025-09-01T23:04:57.147384+00:00 ip-172-31-37-199 kernel: evm: security.SMACK64EXEC
2025-09-01T23:04:57.147385+00:00 ip-172-31-37-199 kernel: evm: security.SMACK64TRANSMUTE
2025-09-01T23:04:57.147386+00:00 ip-172-31-37-199 kernel: evm: security.SMACK64MMAP
2025-09-01T23:04:57.147386+00:00 ip-172-31-37-199 kernel: evm: security.apparmor
2025-09-01T23:04:57.147387+00:00 ip-172-31-37-199 kernel: evm: security.ima
2025-09-01T23:04:57.147388+00:00 ip-172-31-37-199 kernel: evm: security.capability
2025-09-01T23:04:57.147391+00:00 ip-172-31-37-199 kernel: evm: HMAC attrs: 0x1
2025-09-01T23:04:57.147392+00:00 ip-172-31-37-199 kernel: PM:   Magic number: 9:48:99
2025-09-01T23:04:57.147392+00:00 ip-172-31-37-199 kernel: RAS: Correctable Errors collector initialized.
2025-09-01T23:04:57.147393+00:00 ip-172-31-37-199 kernel: clk: Disabling unused clocks
2025-09-01T23:04:57.147394+00:00 ip-172-31-37-199 kernel: PM: genpd: Disabling unused power domains
2025-09-01T23:04:57.147395+00:00 ip-172-31-37-199 kernel: input: AT Translated Set 2 keyboard as /devices/platform/i8042/serio0/input/input2
2025-09-01T23:04:57.147398+00:00 ip-172-31-37-199 kernel: md: Waiting for all devices to be available before autodetect
2025-09-01T23:04:57.147399+00:00 ip-172-31-37-199 kernel: md: If you don't use raid, use raid=noautodetect
2025-09-01T23:04:57.147399+00:00 ip-172-31-37-199 kernel: md: Autodetecting RAID arrays.
2025-09-01T23:04:57.147400+00:00 ip-172-31-37-199 kernel: md: autorun ...
2025-09-01T23:04:57.147401+00:00 ip-172-31-37-199 kernel: md: ... autorun DONE.
2025-09-01T23:04:57.147402+00:00 ip-172-31-37-199 kernel: EXT4-fs (xvda1): mounted filesystem 41a438f9-9b73-40e9-9093-3c0a3ce03d5c ro with ordered data mode. Quota mode: none.
2025-09-01T23:04:57.147405+00:00 ip-172-31-37-199 kernel: VFS: Mounted root (ext4 filesystem) readonly on device 202:1.
2025-09-01T23:04:57.147406+00:00 ip-172-31-37-199 kernel: devtmpfs: mounted
2025-09-01T23:04:57.147406+00:00 ip-172-31-37-199 kernel: Freeing unused decrypted memory: 2028K
2025-09-01T23:04:57.147407+00:00 ip-172-31-37-199 kernel: Freeing unused kernel image (initmem) memory: 5248K
2025-09-01T23:04:57.147408+00:00 ip-172-31-37-199 kernel: Write protecting the kernel read-only data: 38912k
2025-09-01T23:04:57.147408+00:00 ip-172-31-37-199 kernel: Freeing unused kernel image (text/rodata gap) memory: 1084K
2025-09-01T23:04:57.147409+00:00 ip-172-31-37-199 kernel: Freeing unused kernel image (rodata/data gap) memory: 1268K
2025-09-01T23:04:57.147412+00:00 ip-172-31-37-199 kernel: x86/mm: Checked W+X mappings: passed, no W+X pages found.
2025-09-01T23:04:57.147413+00:00 ip-172-31-37-199 kernel: x86/mm: Checking user space page tables
2025-09-01T23:04:57.147414+00:00 ip-172-31-37-199 kernel: x86/mm: Checked W+X mappings: passed, no W+X pages found.
2025-09-01T23:04:57.147441+00:00 ip-172-31-37-199 kernel: Run /sbin/init as init process
2025-09-01T23:04:57.147442+00:00 ip-172-31-37-199 kernel:   with arguments:
2025-09-01T23:04:57.147443+00:00 ip-172-31-37-199 kernel:     /sbin/init
2025-09-01T23:04:57.147446+00:00 ip-172-31-37-199 kernel:   with environment:
2025-09-01T23:04:57.147447+00:00 ip-172-31-37-199 kernel:     HOME=/
2025-09-01T23:04:57.147447+00:00 ip-172-31-37-199 kernel:     TERM=linux
2025-09-01T23:04:57.147448+00:00 ip-172-31-37-199 kernel:     BOOT_IMAGE=/vmlinuz-6.14.0-1011-aws
2025-09-01T23:04:57.147449+00:00 ip-172-31-37-199 kernel: systemd[1]: Inserted module 'autofs4'
2025-09-01T23:04:57.147450+00:00 ip-172-31-37-199 kernel: systemd[1]: systemd 255.4-1ubuntu8.10 running in system mode (+PAM +AUDIT +SELINUX +APPARMOR +IMA +SMACK +SECCOMP +GCRYPT -GNUTLS +OPENSSL +ACL +BLKID +CURL +ELFUTILS +FIDO2 +IDN2 -IDN +IPTC +KMOD +LIBCRYPTSETUP +LIBFDISK +PCRE2 -PWQUALITY +P11KIT +QRENCODE +TPM2 +BZIP2 +LZ4 +XZ +ZLIB +ZSTD -BPF_FRAMEWORK -XKBCOMMON +UTMP +SYSVINIT default-hierarchy=unified)
2025-09-01T23:04:57.147453+00:00 ip-172-31-37-199 kernel: systemd[1]: Detected virtualization xen.
2025-09-01T23:04:57.147454+00:00 ip-172-31-37-199 kernel: systemd[1]: Detected architecture x86-64.
2025-09-01T23:04:57.147455+00:00 ip-172-31-37-199 kernel: systemd[1]: Hostname set to <ubuntu>.
2025-09-01T23:04:57.147456+00:00 ip-172-31-37-199 kernel: systemd[1]: Initializing machine ID from VM UUID.
2025-09-01T23:04:57.147456+00:00 ip-172-31-37-199 kernel: systemd[1]: Installed transient /etc/machine-id file.
2025-09-01T23:04:57.147457+00:00 ip-172-31-37-199 kernel: systemd[1]: Queued start job for default target graphical.target.
2025-09-01T23:04:57.147461+00:00 ip-172-31-37-199 kernel: systemd[1]: Created slice system-modprobe.slice - Slice /system/modprobe.
2025-09-01T23:04:57.147461+00:00 ip-172-31-37-199 kernel: systemd[1]: Created slice system-serial\x2dgetty.slice - Slice /system/serial-getty.
2025-09-01T23:04:57.147462+00:00 ip-172-31-37-199 kernel: systemd[1]: Created slice system-systemd\x2dfsck.slice - Slice /system/systemd-fsck.
2025-09-01T23:04:57.147463+00:00 ip-172-31-37-199 kernel: systemd[1]: Created slice user.slice - User and Session Slice.
2025-09-01T23:04:57.147464+00:00 ip-172-31-37-199 kernel: systemd[1]: Started systemd-ask-password-wall.path - Forward Password Requests to Wall Directory Watch.
2025-09-01T23:04:57.147465+00:00 ip-172-31-37-199 kernel: systemd[1]: Set up automount proc-sys-fs-binfmt_misc.automount - Arbitrary Executable File Formats File System Automount Point.
2025-09-01T23:04:57.147468+00:00 ip-172-31-37-199 kernel: systemd[1]: Expecting device dev-disk-by\x2dlabel-BOOT.device - /dev/disk/by-label/BOOT...
2025-09-01T23:04:57.147469+00:00 ip-172-31-37-199 kernel: systemd[1]: Expecting device dev-disk-by\x2dlabel-UEFI.device - /dev/disk/by-label/UEFI...
2025-09-01T23:04:57.147470+00:00 ip-172-31-37-199 kernel: systemd[1]: Expecting device dev-ttyS0.device - /dev/ttyS0...
2025-09-01T23:04:57.147471+00:00 ip-172-31-37-199 kernel: systemd[1]: Reached target integritysetup.target - Local Integrity Protected Volumes.
2025-09-01T23:04:57.147471+00:00 ip-172-31-37-199 kernel: systemd[1]: Reached target slices.target - Slice Units.
2025-09-01T23:04:57.147472+00:00 ip-172-31-37-199 kernel: systemd[1]: Reached target snapd.mounts-pre.target - Mounting snaps.
2025-09-01T23:04:57.147473+00:00 ip-172-31-37-199 kernel: systemd[1]: Reached target swap.target - Swaps.
2025-09-01T23:04:57.147476+00:00 ip-172-31-37-199 kernel: systemd[1]: Reached target time-set.target - System Time Set.
2025-09-01T23:04:57.147477+00:00 ip-172-31-37-199 kernel: systemd[1]: Reached target veritysetup.target - Local Verity Protected Volumes.
2025-09-01T23:04:57.147478+00:00 ip-172-31-37-199 kernel: systemd[1]: Listening on dm-event.socket - Device-mapper event daemon FIFOs.
2025-09-01T23:04:57.147478+00:00 ip-172-31-37-199 kernel: systemd[1]: Listening on lvm2-lvmpolld.socket - LVM2 poll daemon socket.
2025-09-01T23:04:57.147479+00:00 ip-172-31-37-199 kernel: systemd[1]: Listening on multipathd.socket - multipathd control socket.
2025-09-01T23:04:57.147480+00:00 ip-172-31-37-199 kernel: systemd[1]: Listening on syslog.socket - Syslog Socket.
2025-09-01T23:04:57.147483+00:00 ip-172-31-37-199 kernel: systemd[1]: Listening on systemd-fsckd.socket - fsck to fsckd communication Socket.
2025-09-01T23:04:57.147484+00:00 ip-172-31-37-199 kernel: systemd[1]: Listening on systemd-initctl.socket - initctl Compatibility Named Pipe.
